

================================================================
== Vitis HLS Report for 'flood_fill'
================================================================
* Date:           Mon May  5 05:08:39 2025

* Version:        2024.2 (Build 5238294 on Nov  8 2024)
* Project:        hls_design_output
* Solution:       solution1 (Vivado IP Flow Target)
* Product family: zynq
* Target device:  xc7z020-clg400-1


================================================================
== Performance Estimates
================================================================
+ Timing: 
    * Summary: 
    +--------+----------+----------+------------+
    |  Clock |  Target  | Estimated| Uncertainty|
    +--------+----------+----------+------------+
    |ap_clk  |  10.00 ns|  6.912 ns|     2.70 ns|
    +--------+----------+----------+------------+

+ Latency: 
    * Summary: 
    +---------+---------+----------+----------+-----+-----+---------+
    |  Latency (cycles) |  Latency (absolute) |  Interval | Pipeline|
    |   min   |   max   |    min   |    max   | min | max |   Type  |
    +---------+---------+----------+----------+-----+-----+---------+
    |        ?|        ?|         ?|         ?|    ?|    ?|       no|
    +---------+---------+----------+----------+-----+-----+---------+

    + Detail: 
        * Instance: 
        +-------------------------------------------------+-------------------------------------+---------+---------+-----------+-----------+------+------+------------------------------------------------+
        |                                                 |                                     |  Latency (cycles) |   Latency (absolute)  |   Interval  |                    Pipeline                    |
        |                     Instance                    |                Module               |   min   |   max   |    min    |    max    |  min |  max |                      Type                      |
        +-------------------------------------------------+-------------------------------------+---------+---------+-----------+-----------+------+------+------------------------------------------------+
        |grp_flood_fill_Pipeline_VITIS_LOOP_59_1_fu_2412  |flood_fill_Pipeline_VITIS_LOOP_59_1  |     7502|     7502|  75.020 us|  75.020 us|  7501|  7501|  loop auto-rewind stp (delay=0 clock cycles(s))|
        +-------------------------------------------------+-------------------------------------+---------+---------+-----------+-----------+------+------+------------------------------------------------+

        * Loop: 
        +---------------------+---------+---------+----------+-----------+-----------+-------+----------+
        |                     |  Latency (cycles) | Iteration|  Initiation Interval  |  Trip |          |
        |      Loop Name      |   min   |   max   |  Latency |  achieved |   target  | Count | Pipelined|
        +---------------------+---------+---------+----------+-----------+-----------+-------+----------+
        |- VITIS_LOOP_89_3    |        ?|        ?|  45 ~ 209|          -|          -|      ?|        no|
        | + VITIS_LOOP_117_4  |        0|      164|   38 ~ 41|          -|          -|  0 ~ 4|        no|
        +---------------------+---------+---------+----------+-----------+-----------+-------+----------+



================================================================
== Utilization Estimates
================================================================
* Summary: 
+-----------------+---------+-----+--------+-------+-----+
|       Name      | BRAM_18K| DSP |   FF   |  LUT  | URAM|
+-----------------+---------+-----+--------+-------+-----+
|DSP              |        -|    -|       -|      -|    -|
|Expression       |        -|    -|       0|   1206|    -|
|FIFO             |        -|    -|       -|      -|    -|
|Instance         |        -|    4|    4760|   3924|    -|
|Memory           |        2|    -|     192|   7556|    0|
|Multiplexer      |        -|    -|       0|   4053|    -|
|Register         |        -|    -|    2370|      -|    -|
+-----------------+---------+-----+--------+-------+-----+
|Total            |        2|    4|    7322|  16739|    0|
+-----------------+---------+-----+--------+-------+-----+
|Available        |      280|  220|  106400|  53200|    0|
+-----------------+---------+-----+--------+-------+-----+
|Utilization (%)  |       ~0|    1|       6|     31|    0|
+-----------------+---------+-----+--------+-------+-----+

+ Detail: 
    * Instance: 
    +-------------------------------------------------+-------------------------------------+---------+----+------+------+-----+
    |                     Instance                    |                Module               | BRAM_18K| DSP|  FF  |  LUT | URAM|
    +-------------------------------------------------+-------------------------------------+---------+----+------+------+-----+
    |grp_flood_fill_Pipeline_VITIS_LOOP_59_1_fu_2412  |flood_fill_Pipeline_VITIS_LOOP_59_1  |        0|   0|    21|    79|    0|
    |mul_32ns_34ns_42_2_1_U69                         |mul_32ns_34ns_42_2_1                 |        0|   4|   173|    54|    0|
    |sparsemux_129_6_1_1_1_U73                        |sparsemux_129_6_1_1_1                |        0|   0|     0|   273|    0|
    |sparsemux_17_3_8_1_1_U70                         |sparsemux_17_3_8_1_1                 |        0|   0|     0|    42|    0|
    |urem_32ns_8ns_16_36_1_U71                        |urem_32ns_8ns_16_36_1                |        0|   0|  2283|  1738|    0|
    |urem_32ns_8ns_16_36_1_U72                        |urem_32ns_8ns_16_36_1                |        0|   0|  2283|  1738|    0|
    +-------------------------------------------------+-------------------------------------+---------+----+------+------+-----+
    |Total                                            |                                     |        0|   4|  4760|  3924|    0|
    +-------------------------------------------------+-------------------------------------+---------+----+------+------+-----+

    * DSP: 
    N/A

    * Memory: 
    +---------------+---------------------------------------+---------+----+-----+-----+------+-----+------+-------------+
    |     Memory    |                 Module                | BRAM_18K| FF | LUT | URAM| Words| Bits| Banks| W*Bits*Banks|
    +---------------+---------------------------------------+---------+----+-----+-----+------+-----+------+-------------+
    |neighbors_U    |flood_fill_neighbors_RAM_AUTO_1R1W     |        0|  32|    2|    0|     4|   32|     1|          128|
    |neighbors_1_U  |flood_fill_neighbors_RAM_AUTO_1R1W     |        0|  32|    2|    0|     4|   32|     1|          128|
    |queue_x_U      |flood_fill_queue_x_RAM_AUTO_1R1W       |        1|   0|    0|    0|   512|   32|     1|        16384|
    |queue_y_U      |flood_fill_queue_x_RAM_AUTO_1R1W       |        1|   0|    0|    0|   512|   32|     1|        16384|
    |visited_U      |flood_fill_visited_RAM_2P_LUTRAM_1R1W  |        0|   2|  118|    0|  7500|    1|     1|         7500|
    |visited_1_U    |flood_fill_visited_RAM_2P_LUTRAM_1R1W  |        0|   2|  118|    0|  7500|    1|     1|         7500|
    |visited_2_U    |flood_fill_visited_RAM_2P_LUTRAM_1R1W  |        0|   2|  118|    0|  7500|    1|     1|         7500|
    |visited_3_U    |flood_fill_visited_RAM_2P_LUTRAM_1R1W  |        0|   2|  118|    0|  7500|    1|     1|         7500|
    |visited_4_U    |flood_fill_visited_RAM_2P_LUTRAM_1R1W  |        0|   2|  118|    0|  7500|    1|     1|         7500|
    |visited_5_U    |flood_fill_visited_RAM_2P_LUTRAM_1R1W  |        0|   2|  118|    0|  7500|    1|     1|         7500|
    |visited_6_U    |flood_fill_visited_RAM_2P_LUTRAM_1R1W  |        0|   2|  118|    0|  7500|    1|     1|         7500|
    |visited_7_U    |flood_fill_visited_RAM_2P_LUTRAM_1R1W  |        0|   2|  118|    0|  7500|    1|     1|         7500|
    |visited_8_U    |flood_fill_visited_RAM_2P_LUTRAM_1R1W  |        0|   2|  118|    0|  7500|    1|     1|         7500|
    |visited_9_U    |flood_fill_visited_RAM_2P_LUTRAM_1R1W  |        0|   2|  118|    0|  7500|    1|     1|         7500|
    |visited_10_U   |flood_fill_visited_RAM_2P_LUTRAM_1R1W  |        0|   2|  118|    0|  7500|    1|     1|         7500|
    |visited_11_U   |flood_fill_visited_RAM_2P_LUTRAM_1R1W  |        0|   2|  118|    0|  7500|    1|     1|         7500|
    |visited_12_U   |flood_fill_visited_RAM_2P_LUTRAM_1R1W  |        0|   2|  118|    0|  7500|    1|     1|         7500|
    |visited_13_U   |flood_fill_visited_RAM_2P_LUTRAM_1R1W  |        0|   2|  118|    0|  7500|    1|     1|         7500|
    |visited_14_U   |flood_fill_visited_RAM_2P_LUTRAM_1R1W  |        0|   2|  118|    0|  7500|    1|     1|         7500|
    |visited_15_U   |flood_fill_visited_RAM_2P_LUTRAM_1R1W  |        0|   2|  118|    0|  7500|    1|     1|         7500|
    |visited_16_U   |flood_fill_visited_RAM_2P_LUTRAM_1R1W  |        0|   2|  118|    0|  7500|    1|     1|         7500|
    |visited_17_U   |flood_fill_visited_RAM_2P_LUTRAM_1R1W  |        0|   2|  118|    0|  7500|    1|     1|         7500|
    |visited_18_U   |flood_fill_visited_RAM_2P_LUTRAM_1R1W  |        0|   2|  118|    0|  7500|    1|     1|         7500|
    |visited_19_U   |flood_fill_visited_RAM_2P_LUTRAM_1R1W  |        0|   2|  118|    0|  7500|    1|     1|         7500|
    |visited_20_U   |flood_fill_visited_RAM_2P_LUTRAM_1R1W  |        0|   2|  118|    0|  7500|    1|     1|         7500|
    |visited_21_U   |flood_fill_visited_RAM_2P_LUTRAM_1R1W  |        0|   2|  118|    0|  7500|    1|     1|         7500|
    |visited_22_U   |flood_fill_visited_RAM_2P_LUTRAM_1R1W  |        0|   2|  118|    0|  7500|    1|     1|         7500|
    |visited_23_U   |flood_fill_visited_RAM_2P_LUTRAM_1R1W  |        0|   2|  118|    0|  7500|    1|     1|         7500|
    |visited_24_U   |flood_fill_visited_RAM_2P_LUTRAM_1R1W  |        0|   2|  118|    0|  7500|    1|     1|         7500|
    |visited_25_U   |flood_fill_visited_RAM_2P_LUTRAM_1R1W  |        0|   2|  118|    0|  7500|    1|     1|         7500|
    |visited_26_U   |flood_fill_visited_RAM_2P_LUTRAM_1R1W  |        0|   2|  118|    0|  7500|    1|     1|         7500|
    |visited_27_U   |flood_fill_visited_RAM_2P_LUTRAM_1R1W  |        0|   2|  118|    0|  7500|    1|     1|         7500|
    |visited_28_U   |flood_fill_visited_RAM_2P_LUTRAM_1R1W  |        0|   2|  118|    0|  7500|    1|     1|         7500|
    |visited_29_U   |flood_fill_visited_RAM_2P_LUTRAM_1R1W  |        0|   2|  118|    0|  7500|    1|     1|         7500|
    |visited_30_U   |flood_fill_visited_RAM_2P_LUTRAM_1R1W  |        0|   2|  118|    0|  7500|    1|     1|         7500|
    |visited_31_U   |flood_fill_visited_RAM_2P_LUTRAM_1R1W  |        0|   2|  118|    0|  7500|    1|     1|         7500|
    |visited_32_U   |flood_fill_visited_RAM_2P_LUTRAM_1R1W  |        0|   2|  118|    0|  7500|    1|     1|         7500|
    |visited_33_U   |flood_fill_visited_RAM_2P_LUTRAM_1R1W  |        0|   2|  118|    0|  7500|    1|     1|         7500|
    |visited_34_U   |flood_fill_visited_RAM_2P_LUTRAM_1R1W  |        0|   2|  118|    0|  7500|    1|     1|         7500|
    |visited_35_U   |flood_fill_visited_RAM_2P_LUTRAM_1R1W  |        0|   2|  118|    0|  7500|    1|     1|         7500|
    |visited_36_U   |flood_fill_visited_RAM_2P_LUTRAM_1R1W  |        0|   2|  118|    0|  7500|    1|     1|         7500|
    |visited_37_U   |flood_fill_visited_RAM_2P_LUTRAM_1R1W  |        0|   2|  118|    0|  7500|    1|     1|         7500|
    |visited_38_U   |flood_fill_visited_RAM_2P_LUTRAM_1R1W  |        0|   2|  118|    0|  7500|    1|     1|         7500|
    |visited_39_U   |flood_fill_visited_RAM_2P_LUTRAM_1R1W  |        0|   2|  118|    0|  7500|    1|     1|         7500|
    |visited_40_U   |flood_fill_visited_RAM_2P_LUTRAM_1R1W  |        0|   2|  118|    0|  7500|    1|     1|         7500|
    |visited_41_U   |flood_fill_visited_RAM_2P_LUTRAM_1R1W  |        0|   2|  118|    0|  7500|    1|     1|         7500|
    |visited_42_U   |flood_fill_visited_RAM_2P_LUTRAM_1R1W  |        0|   2|  118|    0|  7500|    1|     1|         7500|
    |visited_43_U   |flood_fill_visited_RAM_2P_LUTRAM_1R1W  |        0|   2|  118|    0|  7500|    1|     1|         7500|
    |visited_44_U   |flood_fill_visited_RAM_2P_LUTRAM_1R1W  |        0|   2|  118|    0|  7500|    1|     1|         7500|
    |visited_45_U   |flood_fill_visited_RAM_2P_LUTRAM_1R1W  |        0|   2|  118|    0|  7500|    1|     1|         7500|
    |visited_46_U   |flood_fill_visited_RAM_2P_LUTRAM_1R1W  |        0|   2|  118|    0|  7500|    1|     1|         7500|
    |visited_47_U   |flood_fill_visited_RAM_2P_LUTRAM_1R1W  |        0|   2|  118|    0|  7500|    1|     1|         7500|
    |visited_48_U   |flood_fill_visited_RAM_2P_LUTRAM_1R1W  |        0|   2|  118|    0|  7500|    1|     1|         7500|
    |visited_49_U   |flood_fill_visited_RAM_2P_LUTRAM_1R1W  |        0|   2|  118|    0|  7500|    1|     1|         7500|
    |visited_50_U   |flood_fill_visited_RAM_2P_LUTRAM_1R1W  |        0|   2|  118|    0|  7500|    1|     1|         7500|
    |visited_51_U   |flood_fill_visited_RAM_2P_LUTRAM_1R1W  |        0|   2|  118|    0|  7500|    1|     1|         7500|
    |visited_52_U   |flood_fill_visited_RAM_2P_LUTRAM_1R1W  |        0|   2|  118|    0|  7500|    1|     1|         7500|
    |visited_53_U   |flood_fill_visited_RAM_2P_LUTRAM_1R1W  |        0|   2|  118|    0|  7500|    1|     1|         7500|
    |visited_54_U   |flood_fill_visited_RAM_2P_LUTRAM_1R1W  |        0|   2|  118|    0|  7500|    1|     1|         7500|
    |visited_55_U   |flood_fill_visited_RAM_2P_LUTRAM_1R1W  |        0|   2|  118|    0|  7500|    1|     1|         7500|
    |visited_56_U   |flood_fill_visited_RAM_2P_LUTRAM_1R1W  |        0|   2|  118|    0|  7500|    1|     1|         7500|
    |visited_57_U   |flood_fill_visited_RAM_2P_LUTRAM_1R1W  |        0|   2|  118|    0|  7500|    1|     1|         7500|
    |visited_58_U   |flood_fill_visited_RAM_2P_LUTRAM_1R1W  |        0|   2|  118|    0|  7500|    1|     1|         7500|
    |visited_59_U   |flood_fill_visited_RAM_2P_LUTRAM_1R1W  |        0|   2|  118|    0|  7500|    1|     1|         7500|
    |visited_60_U   |flood_fill_visited_RAM_2P_LUTRAM_1R1W  |        0|   2|  118|    0|  7500|    1|     1|         7500|
    |visited_61_U   |flood_fill_visited_RAM_2P_LUTRAM_1R1W  |        0|   2|  118|    0|  7500|    1|     1|         7500|
    |visited_62_U   |flood_fill_visited_RAM_2P_LUTRAM_1R1W  |        0|   2|  118|    0|  7500|    1|     1|         7500|
    |visited_63_U   |flood_fill_visited_RAM_2P_LUTRAM_1R1W  |        0|   2|  118|    0|  7500|    1|     1|         7500|
    +---------------+---------------------------------------+---------+----+-----+-----+------+-----+------+-------------+
    |Total          |                                       |        2| 192| 7556|    0|481032|  192|    68|       513024|
    +---------------+---------------------------------------+---------+----+-----+-----+------+-----+------+-------------+

    * FIFO: 
    N/A

    * Expression: 
    +----------------------------+----------+----+---+----+------------+------------+
    |        Variable Name       | Operation| DSP| FF| LUT| Bitwidth P0| Bitwidth P1|
    +----------------------------+----------+----+---+----+------------+------------+
    |add_ln104_1_fu_2882_p2      |         +|   0|  0|  33|          33|          33|
    |add_ln104_fu_2892_p2        |         +|   0|  0|  23|          16|          16|
    |add_ln106_fu_2944_p2        |         +|   0|  0|  39|          32|           1|
    |add_ln117_fu_3072_p2        |         +|   0|  0|  11|           3|           1|
    |add_ln121_fu_3118_p2        |         +|   0|  0|  26|          19|          19|
    |add_ln122_1_fu_3548_p2      |         +|   0|  0|  33|          33|          33|
    |add_ln122_fu_3558_p2        |         +|   0|  0|  23|          16|          16|
    |add_ln22_fu_2971_p2         |         +|   0|  0|  38|          31|           2|
    |add_ln29_fu_2996_p2         |         +|   0|  0|  39|          32|           1|
    |add_ln35_fu_3016_p2         |         +|   0|  0|  38|          31|           2|
    |add_ln42_fu_3048_p2         |         +|   0|  0|  39|          32|           1|
    |add_ln85_fu_2641_p2         |         +|   0|  0|  20|          15|          15|
    |index_1_fu_3156_p2          |         +|   0|  0|  19|          19|          19|
    |index_fu_2685_p2            |         +|   0|  0|  19|          19|          19|
    |loop_count_2_fu_2815_p2     |         +|   0|  0|  13|          10|           1|
    |num_neighbors_5_fu_3032_p2  |         +|   0|  0|  10|           2|           1|
    |num_neighbors_6_fu_3060_p2  |         +|   0|  0|  11|           3|           1|
    |queue_back_2_fu_3581_p2     |         +|   0|  0|  39|          32|           1|
    |queue_front_4_fu_2909_p2    |         +|   0|  0|  39|          32|           1|
    |sub_ln104_fu_2869_p2        |         -|   0|  0|  33|          33|          33|
    |sub_ln121_fu_3150_p2        |         -|   0|  0|  19|          19|          19|
    |sub_ln122_fu_3531_p2        |         -|   0|  0|  33|          33|          33|
    |sub_ln85_fu_2679_p2         |         -|   0|  0|  19|          19|          19|
    |grp_fu_2613_p2              |      icmp|   0|  0|  15|           8|           8|
    |icmp_ln105_fu_2938_p2       |      icmp|   0|  0|  30|          23|           1|
    |icmp_ln117_fu_3066_p2       |      icmp|   0|  0|  11|           3|           3|
    |icmp_ln127_fu_3587_p2       |      icmp|   0|  0|  39|          32|          10|
    |icmp_ln20_fu_2966_p2        |      icmp|   0|  0|  39|          32|           1|
    |icmp_ln27_fu_2985_p2        |      icmp|   0|  0|  39|          32|          10|
    |icmp_ln34_fu_3011_p2        |      icmp|   0|  0|  39|          32|           1|
    |icmp_ln41_fu_3043_p2        |      icmp|   0|  0|  39|          32|          10|
    |icmp_ln89_fu_2803_p2        |      icmp|   0|  0|  39|          32|          32|
    |icmp_ln95_fu_2914_p2        |      icmp|   0|  0|  39|          32|          10|
    |or_ln89_fu_2809_p2          |        or|   0|  0|   2|           1|           1|
    |visited_10_we1              |        or|   0|  0|   2|           1|           1|
    |visited_11_we1              |        or|   0|  0|   2|           1|           1|
    |visited_12_we1              |        or|   0|  0|   2|           1|           1|
    |visited_13_we1              |        or|   0|  0|   2|           1|           1|
    |visited_14_we1              |        or|   0|  0|   2|           1|           1|
    |visited_15_we1              |        or|   0|  0|   2|           1|           1|
    |visited_16_we1              |        or|   0|  0|   2|           1|           1|
    |visited_17_we1              |        or|   0|  0|   2|           1|           1|
    |visited_18_we1              |        or|   0|  0|   2|           1|           1|
    |visited_19_we1              |        or|   0|  0|   2|           1|           1|
    |visited_1_we1               |        or|   0|  0|   2|           1|           1|
    |visited_20_we1              |        or|   0|  0|   2|           1|           1|
    |visited_21_we1              |        or|   0|  0|   2|           1|           1|
    |visited_22_we1              |        or|   0|  0|   2|           1|           1|
    |visited_23_we1              |        or|   0|  0|   2|           1|           1|
    |visited_24_we1              |        or|   0|  0|   2|           1|           1|
    |visited_25_we1              |        or|   0|  0|   2|           1|           1|
    |visited_26_we1              |        or|   0|  0|   2|           1|           1|
    |visited_27_we1              |        or|   0|  0|   2|           1|           1|
    |visited_28_we1              |        or|   0|  0|   2|           1|           1|
    |visited_29_we1              |        or|   0|  0|   2|           1|           1|
    |visited_2_we1               |        or|   0|  0|   2|           1|           1|
    |visited_30_we1              |        or|   0|  0|   2|           1|           1|
    |visited_31_we1              |        or|   0|  0|   2|           1|           1|
    |visited_32_we1              |        or|   0|  0|   2|           1|           1|
    |visited_33_we1              |        or|   0|  0|   2|           1|           1|
    |visited_34_we1              |        or|   0|  0|   2|           1|           1|
    |visited_35_we1              |        or|   0|  0|   2|           1|           1|
    |visited_36_we1              |        or|   0|  0|   2|           1|           1|
    |visited_37_we1              |        or|   0|  0|   2|           1|           1|
    |visited_38_we1              |        or|   0|  0|   2|           1|           1|
    |visited_39_we1              |        or|   0|  0|   2|           1|           1|
    |visited_3_we1               |        or|   0|  0|   2|           1|           1|
    |visited_40_we1              |        or|   0|  0|   2|           1|           1|
    |visited_41_we1              |        or|   0|  0|   2|           1|           1|
    |visited_42_we1              |        or|   0|  0|   2|           1|           1|
    |visited_43_we1              |        or|   0|  0|   2|           1|           1|
    |visited_44_we1              |        or|   0|  0|   2|           1|           1|
    |visited_45_we1              |        or|   0|  0|   2|           1|           1|
    |visited_46_we1              |        or|   0|  0|   2|           1|           1|
    |visited_47_we1              |        or|   0|  0|   2|           1|           1|
    |visited_48_we1              |        or|   0|  0|   2|           1|           1|
    |visited_49_we1              |        or|   0|  0|   2|           1|           1|
    |visited_4_we1               |        or|   0|  0|   2|           1|           1|
    |visited_50_we1              |        or|   0|  0|   2|           1|           1|
    |visited_51_we1              |        or|   0|  0|   2|           1|           1|
    |visited_52_we1              |        or|   0|  0|   2|           1|           1|
    |visited_53_we1              |        or|   0|  0|   2|           1|           1|
    |visited_54_we1              |        or|   0|  0|   2|           1|           1|
    |visited_55_we1              |        or|   0|  0|   2|           1|           1|
    |visited_56_we1              |        or|   0|  0|   2|           1|           1|
    |visited_57_we1              |        or|   0|  0|   2|           1|           1|
    |visited_58_we1              |        or|   0|  0|   2|           1|           1|
    |visited_59_we1              |        or|   0|  0|   2|           1|           1|
    |visited_5_we1               |        or|   0|  0|   2|           1|           1|
    |visited_60_we1              |        or|   0|  0|   2|           1|           1|
    |visited_61_we1              |        or|   0|  0|   2|           1|           1|
    |visited_62_we1              |        or|   0|  0|   2|           1|           1|
    |visited_63_we1              |        or|   0|  0|   2|           1|           1|
    |visited_6_we1               |        or|   0|  0|   2|           1|           1|
    |visited_7_we1               |        or|   0|  0|   2|           1|           1|
    |visited_8_we1               |        or|   0|  0|   2|           1|           1|
    |visited_9_we1               |        or|   0|  0|   2|           1|           1|
    |visited_we1                 |        or|   0|  0|   2|           1|           1|
    |empty_fu_2958_p3            |    select|   0|  0|  32|           1|          32|
    |num_neighbors_4_fu_3002_p3  |    select|   0|  0|   3|           1|           3|
    |queue_back_3_fu_3592_p3     |    select|   0|  0|  32|           1|           1|
    |queue_front_5_fu_2920_p3    |    select|   0|  0|  32|           1|           1|
    |select_ln105_fu_2950_p3     |    select|   0|  0|  32|           1|          32|
    +----------------------------+----------+----+---+----+------------+------------+
    |Total                       |          |   0|  0|1206|         842|         507|
    +----------------------------+----------+----+---+----+------------+------------+

    * Multiplexer: 
    +-------------------------------------------+-----+-----------+-----+-----------+
    |                    Name                   | LUT | Input Size| Bits| Total Bits|
    +-------------------------------------------+-----+-----------+-----+-----------+
    |ap_NS_fsm                                  |  453|         90|    1|         90|
    |ap_phi_mux_num_neighbors_1_phi_fu_2373_p4  |    9|          2|    2|          4|
    |ap_phi_mux_num_neighbors_2_phi_fu_2383_p4  |    9|          2|    2|          4|
    |ap_phi_mux_num_neighbors_phi_fu_2361_p4    |   14|          3|    1|          3|
    |blob_prefix_sum_write_assign_fu_564        |    9|          2|   32|         64|
    |frame_0_Addr_A_orig                        |   14|          3|   32|         96|
    |frame_1_Addr_A_orig                        |   14|          3|   32|         96|
    |frame_2_Addr_A_orig                        |   14|          3|   32|         96|
    |frame_3_Addr_A_orig                        |   14|          3|   32|         96|
    |frame_4_Addr_A_orig                        |   14|          3|   32|         96|
    |frame_5_Addr_A_orig                        |   14|          3|   32|         96|
    |frame_6_Addr_A_orig                        |   14|          3|   32|         96|
    |frame_7_Addr_A_orig                        |   14|          3|   32|         96|
    |grp_fu_2544_p0                             |   14|          3|   32|         96|
    |i_1_reg_2401                               |    9|          2|    3|          6|
    |loop_count_fu_556                          |    9|          2|   10|         20|
    |neighbors_1_address0_local                 |   31|          6|    2|         12|
    |neighbors_1_d0_local                       |   20|          4|   32|        128|
    |neighbors_address0_local                   |   31|          6|    2|         12|
    |neighbors_d0_local                         |   20|          4|   32|        128|
    |num_neighbors_1_reg_2370                   |    9|          2|    2|          4|
    |num_neighbors_2_reg_2380                   |    9|          2|    2|          4|
    |num_neighbors_3_reg_2391                   |    9|          2|    3|          6|
    |queue_back_fu_568                          |    9|          2|   32|         64|
    |queue_front_fu_560                         |    9|          2|   32|         64|
    |queue_x_address0_local                     |   20|          4|    9|         36|
    |queue_x_d0_local                           |   14|          3|   32|         96|
    |queue_y_address0_local                     |   20|          4|    9|         36|
    |queue_y_d0_local                           |   14|          3|   32|         96|
    |visited_10_address1                        |    9|          2|   13|         26|
    |visited_10_address1_local                  |   14|          3|   13|         39|
    |visited_10_ce1                             |    9|          2|    1|          2|
    |visited_10_d1                              |    9|          2|    1|          2|
    |visited_10_we1                             |    9|          2|    1|          2|
    |visited_11_address1                        |    9|          2|   13|         26|
    |visited_11_address1_local                  |   14|          3|   13|         39|
    |visited_11_ce1                             |    9|          2|    1|          2|
    |visited_11_d1                              |    9|          2|    1|          2|
    |visited_11_we1                             |    9|          2|    1|          2|
    |visited_12_address1                        |    9|          2|   13|         26|
    |visited_12_address1_local                  |   14|          3|   13|         39|
    |visited_12_ce1                             |    9|          2|    1|          2|
    |visited_12_d1                              |    9|          2|    1|          2|
    |visited_12_we1                             |    9|          2|    1|          2|
    |visited_13_address1                        |    9|          2|   13|         26|
    |visited_13_address1_local                  |   14|          3|   13|         39|
    |visited_13_ce1                             |    9|          2|    1|          2|
    |visited_13_d1                              |    9|          2|    1|          2|
    |visited_13_we1                             |    9|          2|    1|          2|
    |visited_14_address1                        |    9|          2|   13|         26|
    |visited_14_address1_local                  |   14|          3|   13|         39|
    |visited_14_ce1                             |    9|          2|    1|          2|
    |visited_14_d1                              |    9|          2|    1|          2|
    |visited_14_we1                             |    9|          2|    1|          2|
    |visited_15_address1                        |    9|          2|   13|         26|
    |visited_15_address1_local                  |   14|          3|   13|         39|
    |visited_15_ce1                             |    9|          2|    1|          2|
    |visited_15_d1                              |    9|          2|    1|          2|
    |visited_15_we1                             |    9|          2|    1|          2|
    |visited_16_address1                        |    9|          2|   13|         26|
    |visited_16_address1_local                  |   14|          3|   13|         39|
    |visited_16_ce1                             |    9|          2|    1|          2|
    |visited_16_d1                              |    9|          2|    1|          2|
    |visited_16_we1                             |    9|          2|    1|          2|
    |visited_17_address1                        |    9|          2|   13|         26|
    |visited_17_address1_local                  |   14|          3|   13|         39|
    |visited_17_ce1                             |    9|          2|    1|          2|
    |visited_17_d1                              |    9|          2|    1|          2|
    |visited_17_we1                             |    9|          2|    1|          2|
    |visited_18_address1                        |    9|          2|   13|         26|
    |visited_18_address1_local                  |   14|          3|   13|         39|
    |visited_18_ce1                             |    9|          2|    1|          2|
    |visited_18_d1                              |    9|          2|    1|          2|
    |visited_18_we1                             |    9|          2|    1|          2|
    |visited_19_address1                        |    9|          2|   13|         26|
    |visited_19_address1_local                  |   14|          3|   13|         39|
    |visited_19_ce1                             |    9|          2|    1|          2|
    |visited_19_d1                              |    9|          2|    1|          2|
    |visited_19_we1                             |    9|          2|    1|          2|
    |visited_1_address1                         |    9|          2|   13|         26|
    |visited_1_address1_local                   |   14|          3|   13|         39|
    |visited_1_ce1                              |    9|          2|    1|          2|
    |visited_1_d1                               |    9|          2|    1|          2|
    |visited_1_we1                              |    9|          2|    1|          2|
    |visited_20_address1                        |    9|          2|   13|         26|
    |visited_20_address1_local                  |   14|          3|   13|         39|
    |visited_20_ce1                             |    9|          2|    1|          2|
    |visited_20_d1                              |    9|          2|    1|          2|
    |visited_20_we1                             |    9|          2|    1|          2|
    |visited_21_address1                        |    9|          2|   13|         26|
    |visited_21_address1_local                  |   14|          3|   13|         39|
    |visited_21_ce1                             |    9|          2|    1|          2|
    |visited_21_d1                              |    9|          2|    1|          2|
    |visited_21_we1                             |    9|          2|    1|          2|
    |visited_22_address1                        |    9|          2|   13|         26|
    |visited_22_address1_local                  |   14|          3|   13|         39|
    |visited_22_ce1                             |    9|          2|    1|          2|
    |visited_22_d1                              |    9|          2|    1|          2|
    |visited_22_we1                             |    9|          2|    1|          2|
    |visited_23_address1                        |    9|          2|   13|         26|
    |visited_23_address1_local                  |   14|          3|   13|         39|
    |visited_23_ce1                             |    9|          2|    1|          2|
    |visited_23_d1                              |    9|          2|    1|          2|
    |visited_23_we1                             |    9|          2|    1|          2|
    |visited_24_address1                        |    9|          2|   13|         26|
    |visited_24_address1_local                  |   14|          3|   13|         39|
    |visited_24_ce1                             |    9|          2|    1|          2|
    |visited_24_d1                              |    9|          2|    1|          2|
    |visited_24_we1                             |    9|          2|    1|          2|
    |visited_25_address1                        |    9|          2|   13|         26|
    |visited_25_address1_local                  |   14|          3|   13|         39|
    |visited_25_ce1                             |    9|          2|    1|          2|
    |visited_25_d1                              |    9|          2|    1|          2|
    |visited_25_we1                             |    9|          2|    1|          2|
    |visited_26_address1                        |    9|          2|   13|         26|
    |visited_26_address1_local                  |   14|          3|   13|         39|
    |visited_26_ce1                             |    9|          2|    1|          2|
    |visited_26_d1                              |    9|          2|    1|          2|
    |visited_26_we1                             |    9|          2|    1|          2|
    |visited_27_address1                        |    9|          2|   13|         26|
    |visited_27_address1_local                  |   14|          3|   13|         39|
    |visited_27_ce1                             |    9|          2|    1|          2|
    |visited_27_d1                              |    9|          2|    1|          2|
    |visited_27_we1                             |    9|          2|    1|          2|
    |visited_28_address1                        |    9|          2|   13|         26|
    |visited_28_address1_local                  |   14|          3|   13|         39|
    |visited_28_ce1                             |    9|          2|    1|          2|
    |visited_28_d1                              |    9|          2|    1|          2|
    |visited_28_we1                             |    9|          2|    1|          2|
    |visited_29_address1                        |    9|          2|   13|         26|
    |visited_29_address1_local                  |   14|          3|   13|         39|
    |visited_29_ce1                             |    9|          2|    1|          2|
    |visited_29_d1                              |    9|          2|    1|          2|
    |visited_29_we1                             |    9|          2|    1|          2|
    |visited_2_address1                         |    9|          2|   13|         26|
    |visited_2_address1_local                   |   14|          3|   13|         39|
    |visited_2_ce1                              |    9|          2|    1|          2|
    |visited_2_d1                               |    9|          2|    1|          2|
    |visited_2_we1                              |    9|          2|    1|          2|
    |visited_30_address1                        |    9|          2|   13|         26|
    |visited_30_address1_local                  |   14|          3|   13|         39|
    |visited_30_ce1                             |    9|          2|    1|          2|
    |visited_30_d1                              |    9|          2|    1|          2|
    |visited_30_we1                             |    9|          2|    1|          2|
    |visited_31_address1                        |    9|          2|   13|         26|
    |visited_31_address1_local                  |   14|          3|   13|         39|
    |visited_31_ce1                             |    9|          2|    1|          2|
    |visited_31_d1                              |    9|          2|    1|          2|
    |visited_31_we1                             |    9|          2|    1|          2|
    |visited_32_address1                        |    9|          2|   13|         26|
    |visited_32_address1_local                  |   14|          3|   13|         39|
    |visited_32_ce1                             |    9|          2|    1|          2|
    |visited_32_d1                              |    9|          2|    1|          2|
    |visited_32_we1                             |    9|          2|    1|          2|
    |visited_33_address1                        |    9|          2|   13|         26|
    |visited_33_address1_local                  |   14|          3|   13|         39|
    |visited_33_ce1                             |    9|          2|    1|          2|
    |visited_33_d1                              |    9|          2|    1|          2|
    |visited_33_we1                             |    9|          2|    1|          2|
    |visited_34_address1                        |    9|          2|   13|         26|
    |visited_34_address1_local                  |   14|          3|   13|         39|
    |visited_34_ce1                             |    9|          2|    1|          2|
    |visited_34_d1                              |    9|          2|    1|          2|
    |visited_34_we1                             |    9|          2|    1|          2|
    |visited_35_address1                        |    9|          2|   13|         26|
    |visited_35_address1_local                  |   14|          3|   13|         39|
    |visited_35_ce1                             |    9|          2|    1|          2|
    |visited_35_d1                              |    9|          2|    1|          2|
    |visited_35_we1                             |    9|          2|    1|          2|
    |visited_36_address1                        |    9|          2|   13|         26|
    |visited_36_address1_local                  |   14|          3|   13|         39|
    |visited_36_ce1                             |    9|          2|    1|          2|
    |visited_36_d1                              |    9|          2|    1|          2|
    |visited_36_we1                             |    9|          2|    1|          2|
    |visited_37_address1                        |    9|          2|   13|         26|
    |visited_37_address1_local                  |   14|          3|   13|         39|
    |visited_37_ce1                             |    9|          2|    1|          2|
    |visited_37_d1                              |    9|          2|    1|          2|
    |visited_37_we1                             |    9|          2|    1|          2|
    |visited_38_address1                        |    9|          2|   13|         26|
    |visited_38_address1_local                  |   14|          3|   13|         39|
    |visited_38_ce1                             |    9|          2|    1|          2|
    |visited_38_d1                              |    9|          2|    1|          2|
    |visited_38_we1                             |    9|          2|    1|          2|
    |visited_39_address1                        |    9|          2|   13|         26|
    |visited_39_address1_local                  |   14|          3|   13|         39|
    |visited_39_ce1                             |    9|          2|    1|          2|
    |visited_39_d1                              |    9|          2|    1|          2|
    |visited_39_we1                             |    9|          2|    1|          2|
    |visited_3_address1                         |    9|          2|   13|         26|
    |visited_3_address1_local                   |   14|          3|   13|         39|
    |visited_3_ce1                              |    9|          2|    1|          2|
    |visited_3_d1                               |    9|          2|    1|          2|
    |visited_3_we1                              |    9|          2|    1|          2|
    |visited_40_address1                        |    9|          2|   13|         26|
    |visited_40_address1_local                  |   14|          3|   13|         39|
    |visited_40_ce1                             |    9|          2|    1|          2|
    |visited_40_d1                              |    9|          2|    1|          2|
    |visited_40_we1                             |    9|          2|    1|          2|
    |visited_41_address1                        |    9|          2|   13|         26|
    |visited_41_address1_local                  |   14|          3|   13|         39|
    |visited_41_ce1                             |    9|          2|    1|          2|
    |visited_41_d1                              |    9|          2|    1|          2|
    |visited_41_we1                             |    9|          2|    1|          2|
    |visited_42_address1                        |    9|          2|   13|         26|
    |visited_42_address1_local                  |   14|          3|   13|         39|
    |visited_42_ce1                             |    9|          2|    1|          2|
    |visited_42_d1                              |    9|          2|    1|          2|
    |visited_42_we1                             |    9|          2|    1|          2|
    |visited_43_address1                        |    9|          2|   13|         26|
    |visited_43_address1_local                  |   14|          3|   13|         39|
    |visited_43_ce1                             |    9|          2|    1|          2|
    |visited_43_d1                              |    9|          2|    1|          2|
    |visited_43_we1                             |    9|          2|    1|          2|
    |visited_44_address1                        |    9|          2|   13|         26|
    |visited_44_address1_local                  |   14|          3|   13|         39|
    |visited_44_ce1                             |    9|          2|    1|          2|
    |visited_44_d1                              |    9|          2|    1|          2|
    |visited_44_we1                             |    9|          2|    1|          2|
    |visited_45_address1                        |    9|          2|   13|         26|
    |visited_45_address1_local                  |   14|          3|   13|         39|
    |visited_45_ce1                             |    9|          2|    1|          2|
    |visited_45_d1                              |    9|          2|    1|          2|
    |visited_45_we1                             |    9|          2|    1|          2|
    |visited_46_address1                        |    9|          2|   13|         26|
    |visited_46_address1_local                  |   14|          3|   13|         39|
    |visited_46_ce1                             |    9|          2|    1|          2|
    |visited_46_d1                              |    9|          2|    1|          2|
    |visited_46_we1                             |    9|          2|    1|          2|
    |visited_47_address1                        |    9|          2|   13|         26|
    |visited_47_address1_local                  |   14|          3|   13|         39|
    |visited_47_ce1                             |    9|          2|    1|          2|
    |visited_47_d1                              |    9|          2|    1|          2|
    |visited_47_we1                             |    9|          2|    1|          2|
    |visited_48_address1                        |    9|          2|   13|         26|
    |visited_48_address1_local                  |   14|          3|   13|         39|
    |visited_48_ce1                             |    9|          2|    1|          2|
    |visited_48_d1                              |    9|          2|    1|          2|
    |visited_48_we1                             |    9|          2|    1|          2|
    |visited_49_address1                        |    9|          2|   13|         26|
    |visited_49_address1_local                  |   14|          3|   13|         39|
    |visited_49_ce1                             |    9|          2|    1|          2|
    |visited_49_d1                              |    9|          2|    1|          2|
    |visited_49_we1                             |    9|          2|    1|          2|
    |visited_4_address1                         |    9|          2|   13|         26|
    |visited_4_address1_local                   |   14|          3|   13|         39|
    |visited_4_ce1                              |    9|          2|    1|          2|
    |visited_4_d1                               |    9|          2|    1|          2|
    |visited_4_we1                              |    9|          2|    1|          2|
    |visited_50_address1                        |    9|          2|   13|         26|
    |visited_50_address1_local                  |   14|          3|   13|         39|
    |visited_50_ce1                             |    9|          2|    1|          2|
    |visited_50_d1                              |    9|          2|    1|          2|
    |visited_50_we1                             |    9|          2|    1|          2|
    |visited_51_address1                        |    9|          2|   13|         26|
    |visited_51_address1_local                  |   14|          3|   13|         39|
    |visited_51_ce1                             |    9|          2|    1|          2|
    |visited_51_d1                              |    9|          2|    1|          2|
    |visited_51_we1                             |    9|          2|    1|          2|
    |visited_52_address1                        |    9|          2|   13|         26|
    |visited_52_address1_local                  |   14|          3|   13|         39|
    |visited_52_ce1                             |    9|          2|    1|          2|
    |visited_52_d1                              |    9|          2|    1|          2|
    |visited_52_we1                             |    9|          2|    1|          2|
    |visited_53_address1                        |    9|          2|   13|         26|
    |visited_53_address1_local                  |   14|          3|   13|         39|
    |visited_53_ce1                             |    9|          2|    1|          2|
    |visited_53_d1                              |    9|          2|    1|          2|
    |visited_53_we1                             |    9|          2|    1|          2|
    |visited_54_address1                        |    9|          2|   13|         26|
    |visited_54_address1_local                  |   14|          3|   13|         39|
    |visited_54_ce1                             |    9|          2|    1|          2|
    |visited_54_d1                              |    9|          2|    1|          2|
    |visited_54_we1                             |    9|          2|    1|          2|
    |visited_55_address1                        |    9|          2|   13|         26|
    |visited_55_address1_local                  |   14|          3|   13|         39|
    |visited_55_ce1                             |    9|          2|    1|          2|
    |visited_55_d1                              |    9|          2|    1|          2|
    |visited_55_we1                             |    9|          2|    1|          2|
    |visited_56_address1                        |    9|          2|   13|         26|
    |visited_56_address1_local                  |   14|          3|   13|         39|
    |visited_56_ce1                             |    9|          2|    1|          2|
    |visited_56_d1                              |    9|          2|    1|          2|
    |visited_56_we1                             |    9|          2|    1|          2|
    |visited_57_address1                        |    9|          2|   13|         26|
    |visited_57_address1_local                  |   14|          3|   13|         39|
    |visited_57_ce1                             |    9|          2|    1|          2|
    |visited_57_d1                              |    9|          2|    1|          2|
    |visited_57_we1                             |    9|          2|    1|          2|
    |visited_58_address1                        |    9|          2|   13|         26|
    |visited_58_address1_local                  |   14|          3|   13|         39|
    |visited_58_ce1                             |    9|          2|    1|          2|
    |visited_58_d1                              |    9|          2|    1|          2|
    |visited_58_we1                             |    9|          2|    1|          2|
    |visited_59_address1                        |    9|          2|   13|         26|
    |visited_59_address1_local                  |   14|          3|   13|         39|
    |visited_59_ce1                             |    9|          2|    1|          2|
    |visited_59_d1                              |    9|          2|    1|          2|
    |visited_59_we1                             |    9|          2|    1|          2|
    |visited_5_address1                         |    9|          2|   13|         26|
    |visited_5_address1_local                   |   14|          3|   13|         39|
    |visited_5_ce1                              |    9|          2|    1|          2|
    |visited_5_d1                               |    9|          2|    1|          2|
    |visited_5_we1                              |    9|          2|    1|          2|
    |visited_60_address1                        |    9|          2|   13|         26|
    |visited_60_address1_local                  |   14|          3|   13|         39|
    |visited_60_ce1                             |    9|          2|    1|          2|
    |visited_60_d1                              |    9|          2|    1|          2|
    |visited_60_we1                             |    9|          2|    1|          2|
    |visited_61_address1                        |    9|          2|   13|         26|
    |visited_61_address1_local                  |   14|          3|   13|         39|
    |visited_61_ce1                             |    9|          2|    1|          2|
    |visited_61_d1                              |    9|          2|    1|          2|
    |visited_61_we1                             |    9|          2|    1|          2|
    |visited_62_address1                        |    9|          2|   13|         26|
    |visited_62_address1_local                  |   14|          3|   13|         39|
    |visited_62_ce1                             |    9|          2|    1|          2|
    |visited_62_d1                              |    9|          2|    1|          2|
    |visited_62_we1                             |    9|          2|    1|          2|
    |visited_63_address1                        |    9|          2|   13|         26|
    |visited_63_address1_local                  |   14|          3|   13|         39|
    |visited_63_ce1                             |    9|          2|    1|          2|
    |visited_63_d1                              |    9|          2|    1|          2|
    |visited_63_we1                             |    9|          2|    1|          2|
    |visited_6_address1                         |    9|          2|   13|         26|
    |visited_6_address1_local                   |   14|          3|   13|         39|
    |visited_6_ce1                              |    9|          2|    1|          2|
    |visited_6_d1                               |    9|          2|    1|          2|
    |visited_6_we1                              |    9|          2|    1|          2|
    |visited_7_address1                         |    9|          2|   13|         26|
    |visited_7_address1_local                   |   14|          3|   13|         39|
    |visited_7_ce1                              |    9|          2|    1|          2|
    |visited_7_d1                               |    9|          2|    1|          2|
    |visited_7_we1                              |    9|          2|    1|          2|
    |visited_8_address1                         |    9|          2|   13|         26|
    |visited_8_address1_local                   |   14|          3|   13|         39|
    |visited_8_ce1                              |    9|          2|    1|          2|
    |visited_8_d1                               |    9|          2|    1|          2|
    |visited_8_we1                              |    9|          2|    1|          2|
    |visited_9_address1                         |    9|          2|   13|         26|
    |visited_9_address1_local                   |   14|          3|   13|         39|
    |visited_9_ce1                              |    9|          2|    1|          2|
    |visited_9_d1                               |    9|          2|    1|          2|
    |visited_9_we1                              |    9|          2|    1|          2|
    |visited_address1                           |    9|          2|   13|         26|
    |visited_address1_local                     |   14|          3|   13|         39|
    |visited_ce1                                |    9|          2|    1|          2|
    |visited_d1                                 |    9|          2|    1|          2|
    |visited_we1                                |    9|          2|    1|          2|
    +-------------------------------------------+-----+-----------+-----+-----------+
    |Total                                      | 4053|        878| 2416|       6285|
    +-------------------------------------------+-----+-----------+-----+-----------+

    * Register: 
    +--------------------------------------------------------------+----+----+-----+-----------+
    |                             Name                             | FF | LUT| Bits| Const Bits|
    +--------------------------------------------------------------+----+----+-----+-----------+
    |add_ln104_reg_4036                                            |  16|   0|   16|          0|
    |add_ln117_reg_4120                                            |   3|   0|    3|          0|
    |add_ln121_reg_4150                                            |  19|   0|   19|          0|
    |add_ln122_reg_4568                                            |  16|   0|   16|          0|
    |ap_CS_fsm                                                     |  89|   0|   89|          0|
    |blob_prefix_sum_write_assign_fu_564                           |  32|   0|   32|          0|
    |empty_reg_4086                                                |  32|   0|   32|          0|
    |grp_flood_fill_Pipeline_VITIS_LOOP_59_1_fu_2412_ap_start_reg  |   1|   0|    1|          0|
    |i_1_reg_2401                                                  |   3|   0|    3|          0|
    |icmp_ln27_reg_4099                                            |   1|   0|    1|          0|
    |icmp_ln34_reg_4103                                            |   1|   0|    1|          0|
    |icmp_ln41_reg_4113                                            |   1|   0|    1|          0|
    |icmp_ln7_1_reg_4613                                           |   1|   0|    1|          0|
    |loop_count_2_reg_3972                                         |  10|   0|   10|          0|
    |loop_count_fu_556                                             |  10|   0|   10|          0|
    |lshr_ln2_reg_4170                                             |  13|   0|   13|          0|
    |num_neighbors_1_reg_2370                                      |   2|   0|    2|          0|
    |num_neighbors_2_reg_2380                                      |   2|   0|    2|          0|
    |num_neighbors_3_reg_2391                                      |   3|   0|    3|          0|
    |num_neighbors_reg_2358                                        |   1|   0|    1|          0|
    |nx_reg_4135                                                   |  32|   0|   32|          0|
    |ny_reg_4142                                                   |  32|   0|   32|          0|
    |queue_back_2_reg_4617                                         |  32|   0|   32|          0|
    |queue_back_fu_568                                             |  32|   0|   32|          0|
    |queue_front_5_reg_4081                                        |  32|   0|   32|          0|
    |queue_front_fu_560                                            |  32|   0|   32|          0|
    |reg_2565                                                      |   3|   0|    3|          0|
    |reg_2609                                                      |   8|   0|    8|          0|
    |tmp_reg_4564                                                  |   1|   0|    1|          0|
    |trunc_ln104_1_reg_4026                                        |  28|   0|   28|          0|
    |trunc_ln104_reg_4021                                          |  26|   0|   26|          0|
    |trunc_ln121_1_reg_4155                                        |   6|   0|    6|          0|
    |trunc_ln121_2_reg_4160                                        |   9|   0|    9|          0|
    |trunc_ln121_3_reg_4165                                        |  11|   0|   11|          0|
    |trunc_ln85_reg_3614                                           |   6|   0|    6|          0|
    |trunc_ln92_reg_3997                                           |  31|   0|   31|          0|
    |trunc_ln93_reg_4015                                           |  31|   0|   31|          0|
    |visited_10_addr_1_reg_4240                                    |  13|   0|   13|          0|
    |visited_10_addr_reg_3668                                      |  13|   0|   13|          0|
    |visited_11_addr_1_reg_4246                                    |  13|   0|   13|          0|
    |visited_11_addr_reg_3673                                      |  13|   0|   13|          0|
    |visited_12_addr_1_reg_4252                                    |  13|   0|   13|          0|
    |visited_12_addr_reg_3678                                      |  13|   0|   13|          0|
    |visited_13_addr_1_reg_4258                                    |  13|   0|   13|          0|
    |visited_13_addr_reg_3683                                      |  13|   0|   13|          0|
    |visited_14_addr_1_reg_4264                                    |  13|   0|   13|          0|
    |visited_14_addr_reg_3688                                      |  13|   0|   13|          0|
    |visited_15_addr_1_reg_4270                                    |  13|   0|   13|          0|
    |visited_15_addr_reg_3693                                      |  13|   0|   13|          0|
    |visited_16_addr_1_reg_4276                                    |  13|   0|   13|          0|
    |visited_16_addr_reg_3698                                      |  13|   0|   13|          0|
    |visited_17_addr_1_reg_4282                                    |  13|   0|   13|          0|
    |visited_17_addr_reg_3703                                      |  13|   0|   13|          0|
    |visited_18_addr_1_reg_4288                                    |  13|   0|   13|          0|
    |visited_18_addr_reg_3708                                      |  13|   0|   13|          0|
    |visited_19_addr_1_reg_4294                                    |  13|   0|   13|          0|
    |visited_19_addr_reg_3713                                      |  13|   0|   13|          0|
    |visited_1_addr_1_reg_4186                                     |  13|   0|   13|          0|
    |visited_1_addr_reg_3623                                       |  13|   0|   13|          0|
    |visited_20_addr_1_reg_4300                                    |  13|   0|   13|          0|
    |visited_20_addr_reg_3718                                      |  13|   0|   13|          0|
    |visited_21_addr_1_reg_4306                                    |  13|   0|   13|          0|
    |visited_21_addr_reg_3723                                      |  13|   0|   13|          0|
    |visited_22_addr_1_reg_4312                                    |  13|   0|   13|          0|
    |visited_22_addr_reg_3728                                      |  13|   0|   13|          0|
    |visited_23_addr_1_reg_4318                                    |  13|   0|   13|          0|
    |visited_23_addr_reg_3733                                      |  13|   0|   13|          0|
    |visited_24_addr_1_reg_4324                                    |  13|   0|   13|          0|
    |visited_24_addr_reg_3738                                      |  13|   0|   13|          0|
    |visited_25_addr_1_reg_4330                                    |  13|   0|   13|          0|
    |visited_25_addr_reg_3743                                      |  13|   0|   13|          0|
    |visited_26_addr_1_reg_4336                                    |  13|   0|   13|          0|
    |visited_26_addr_reg_3748                                      |  13|   0|   13|          0|
    |visited_27_addr_1_reg_4342                                    |  13|   0|   13|          0|
    |visited_27_addr_reg_3753                                      |  13|   0|   13|          0|
    |visited_28_addr_1_reg_4348                                    |  13|   0|   13|          0|
    |visited_28_addr_reg_3758                                      |  13|   0|   13|          0|
    |visited_29_addr_1_reg_4354                                    |  13|   0|   13|          0|
    |visited_29_addr_reg_3763                                      |  13|   0|   13|          0|
    |visited_2_addr_1_reg_4192                                     |  13|   0|   13|          0|
    |visited_2_addr_reg_3628                                       |  13|   0|   13|          0|
    |visited_30_addr_1_reg_4360                                    |  13|   0|   13|          0|
    |visited_30_addr_reg_3768                                      |  13|   0|   13|          0|
    |visited_31_addr_1_reg_4366                                    |  13|   0|   13|          0|
    |visited_31_addr_reg_3773                                      |  13|   0|   13|          0|
    |visited_32_addr_1_reg_4372                                    |  13|   0|   13|          0|
    |visited_32_addr_reg_3778                                      |  13|   0|   13|          0|
    |visited_33_addr_1_reg_4378                                    |  13|   0|   13|          0|
    |visited_33_addr_reg_3783                                      |  13|   0|   13|          0|
    |visited_34_addr_1_reg_4384                                    |  13|   0|   13|          0|
    |visited_34_addr_reg_3788                                      |  13|   0|   13|          0|
    |visited_35_addr_1_reg_4390                                    |  13|   0|   13|          0|
    |visited_35_addr_reg_3793                                      |  13|   0|   13|          0|
    |visited_36_addr_1_reg_4396                                    |  13|   0|   13|          0|
    |visited_36_addr_reg_3798                                      |  13|   0|   13|          0|
    |visited_37_addr_1_reg_4402                                    |  13|   0|   13|          0|
    |visited_37_addr_reg_3803                                      |  13|   0|   13|          0|
    |visited_38_addr_1_reg_4408                                    |  13|   0|   13|          0|
    |visited_38_addr_reg_3808                                      |  13|   0|   13|          0|
    |visited_39_addr_1_reg_4414                                    |  13|   0|   13|          0|
    |visited_39_addr_reg_3813                                      |  13|   0|   13|          0|
    |visited_3_addr_1_reg_4198                                     |  13|   0|   13|          0|
    |visited_3_addr_reg_3633                                       |  13|   0|   13|          0|
    |visited_40_addr_1_reg_4420                                    |  13|   0|   13|          0|
    |visited_40_addr_reg_3818                                      |  13|   0|   13|          0|
    |visited_41_addr_1_reg_4426                                    |  13|   0|   13|          0|
    |visited_41_addr_reg_3823                                      |  13|   0|   13|          0|
    |visited_42_addr_1_reg_4432                                    |  13|   0|   13|          0|
    |visited_42_addr_reg_3828                                      |  13|   0|   13|          0|
    |visited_43_addr_1_reg_4438                                    |  13|   0|   13|          0|
    |visited_43_addr_reg_3833                                      |  13|   0|   13|          0|
    |visited_44_addr_1_reg_4444                                    |  13|   0|   13|          0|
    |visited_44_addr_reg_3838                                      |  13|   0|   13|          0|
    |visited_45_addr_1_reg_4450                                    |  13|   0|   13|          0|
    |visited_45_addr_reg_3843                                      |  13|   0|   13|          0|
    |visited_46_addr_1_reg_4456                                    |  13|   0|   13|          0|
    |visited_46_addr_reg_3848                                      |  13|   0|   13|          0|
    |visited_47_addr_1_reg_4462                                    |  13|   0|   13|          0|
    |visited_47_addr_reg_3853                                      |  13|   0|   13|          0|
    |visited_48_addr_1_reg_4468                                    |  13|   0|   13|          0|
    |visited_48_addr_reg_3858                                      |  13|   0|   13|          0|
    |visited_49_addr_1_reg_4474                                    |  13|   0|   13|          0|
    |visited_49_addr_reg_3863                                      |  13|   0|   13|          0|
    |visited_4_addr_1_reg_4204                                     |  13|   0|   13|          0|
    |visited_4_addr_reg_3638                                       |  13|   0|   13|          0|
    |visited_50_addr_1_reg_4480                                    |  13|   0|   13|          0|
    |visited_50_addr_reg_3868                                      |  13|   0|   13|          0|
    |visited_51_addr_1_reg_4486                                    |  13|   0|   13|          0|
    |visited_51_addr_reg_3873                                      |  13|   0|   13|          0|
    |visited_52_addr_1_reg_4492                                    |  13|   0|   13|          0|
    |visited_52_addr_reg_3878                                      |  13|   0|   13|          0|
    |visited_53_addr_1_reg_4498                                    |  13|   0|   13|          0|
    |visited_53_addr_reg_3883                                      |  13|   0|   13|          0|
    |visited_54_addr_1_reg_4504                                    |  13|   0|   13|          0|
    |visited_54_addr_reg_3888                                      |  13|   0|   13|          0|
    |visited_55_addr_1_reg_4510                                    |  13|   0|   13|          0|
    |visited_55_addr_reg_3893                                      |  13|   0|   13|          0|
    |visited_56_addr_1_reg_4516                                    |  13|   0|   13|          0|
    |visited_56_addr_reg_3898                                      |  13|   0|   13|          0|
    |visited_57_addr_1_reg_4522                                    |  13|   0|   13|          0|
    |visited_57_addr_reg_3903                                      |  13|   0|   13|          0|
    |visited_58_addr_1_reg_4528                                    |  13|   0|   13|          0|
    |visited_58_addr_reg_3908                                      |  13|   0|   13|          0|
    |visited_59_addr_1_reg_4534                                    |  13|   0|   13|          0|
    |visited_59_addr_reg_3913                                      |  13|   0|   13|          0|
    |visited_5_addr_1_reg_4210                                     |  13|   0|   13|          0|
    |visited_5_addr_reg_3643                                       |  13|   0|   13|          0|
    |visited_60_addr_1_reg_4540                                    |  13|   0|   13|          0|
    |visited_60_addr_reg_3918                                      |  13|   0|   13|          0|
    |visited_61_addr_1_reg_4546                                    |  13|   0|   13|          0|
    |visited_61_addr_reg_3923                                      |  13|   0|   13|          0|
    |visited_62_addr_1_reg_4552                                    |  13|   0|   13|          0|
    |visited_62_addr_reg_3928                                      |  13|   0|   13|          0|
    |visited_63_addr_1_reg_4558                                    |  13|   0|   13|          0|
    |visited_63_addr_reg_3933                                      |  13|   0|   13|          0|
    |visited_6_addr_1_reg_4216                                     |  13|   0|   13|          0|
    |visited_6_addr_reg_3648                                       |  13|   0|   13|          0|
    |visited_7_addr_1_reg_4222                                     |  13|   0|   13|          0|
    |visited_7_addr_reg_3653                                       |  13|   0|   13|          0|
    |visited_8_addr_1_reg_4228                                     |  13|   0|   13|          0|
    |visited_8_addr_reg_3658                                       |  13|   0|   13|          0|
    |visited_9_addr_1_reg_4234                                     |  13|   0|   13|          0|
    |visited_9_addr_reg_3663                                       |  13|   0|   13|          0|
    |visited_addr_1_reg_4180                                       |  13|   0|   13|          0|
    |visited_addr_reg_3618                                         |  13|   0|   13|          0|
    |x_reg_3987                                                    |  32|   0|   32|          0|
    |y_reg_4007                                                    |  32|   0|   32|          0|
    |zext_ln112_1_reg_4107                                         |   2|   0|    3|          1|
    |zext_ln92_reg_3977                                            |  32|   0|   64|         32|
    +--------------------------------------------------------------+----+----+-----+-----------+
    |Total                                                         |2370|   0| 2403|         33|
    +--------------------------------------------------------------+----+----+-----+-----------+



================================================================
== Interface
================================================================
* Summary: 
+----------------+-----+-----+------------+--------------+--------------+
|    RTL Ports   | Dir | Bits|  Protocol  | Source Object|    C Type    |
+----------------+-----+-----+------------+--------------+--------------+
|ap_clk          |   in|    1|  ap_ctrl_hs|    flood_fill|  return value|
|ap_rst          |   in|    1|  ap_ctrl_hs|    flood_fill|  return value|
|ap_start        |   in|    1|  ap_ctrl_hs|    flood_fill|  return value|
|ap_done         |  out|    1|  ap_ctrl_hs|    flood_fill|  return value|
|ap_idle         |  out|    1|  ap_ctrl_hs|    flood_fill|  return value|
|ap_ready        |  out|    1|  ap_ctrl_hs|    flood_fill|  return value|
|ap_return       |  out|   32|  ap_ctrl_hs|    flood_fill|  return value|
|frame_0_Addr_A  |  out|   32|        bram|       frame_0|         array|
|frame_0_EN_A    |  out|    1|        bram|       frame_0|         array|
|frame_0_WEN_A   |  out|    1|        bram|       frame_0|         array|
|frame_0_Din_A   |  out|    8|        bram|       frame_0|         array|
|frame_0_Dout_A  |   in|    8|        bram|       frame_0|         array|
|frame_1_Addr_A  |  out|   32|        bram|       frame_1|         array|
|frame_1_EN_A    |  out|    1|        bram|       frame_1|         array|
|frame_1_WEN_A   |  out|    1|        bram|       frame_1|         array|
|frame_1_Din_A   |  out|    8|        bram|       frame_1|         array|
|frame_1_Dout_A  |   in|    8|        bram|       frame_1|         array|
|frame_2_Addr_A  |  out|   32|        bram|       frame_2|         array|
|frame_2_EN_A    |  out|    1|        bram|       frame_2|         array|
|frame_2_WEN_A   |  out|    1|        bram|       frame_2|         array|
|frame_2_Din_A   |  out|    8|        bram|       frame_2|         array|
|frame_2_Dout_A  |   in|    8|        bram|       frame_2|         array|
|frame_3_Addr_A  |  out|   32|        bram|       frame_3|         array|
|frame_3_EN_A    |  out|    1|        bram|       frame_3|         array|
|frame_3_WEN_A   |  out|    1|        bram|       frame_3|         array|
|frame_3_Din_A   |  out|    8|        bram|       frame_3|         array|
|frame_3_Dout_A  |   in|    8|        bram|       frame_3|         array|
|frame_4_Addr_A  |  out|   32|        bram|       frame_4|         array|
|frame_4_EN_A    |  out|    1|        bram|       frame_4|         array|
|frame_4_WEN_A   |  out|    1|        bram|       frame_4|         array|
|frame_4_Din_A   |  out|    8|        bram|       frame_4|         array|
|frame_4_Dout_A  |   in|    8|        bram|       frame_4|         array|
|frame_5_Addr_A  |  out|   32|        bram|       frame_5|         array|
|frame_5_EN_A    |  out|    1|        bram|       frame_5|         array|
|frame_5_WEN_A   |  out|    1|        bram|       frame_5|         array|
|frame_5_Din_A   |  out|    8|        bram|       frame_5|         array|
|frame_5_Dout_A  |   in|    8|        bram|       frame_5|         array|
|frame_6_Addr_A  |  out|   32|        bram|       frame_6|         array|
|frame_6_EN_A    |  out|    1|        bram|       frame_6|         array|
|frame_6_WEN_A   |  out|    1|        bram|       frame_6|         array|
|frame_6_Din_A   |  out|    8|        bram|       frame_6|         array|
|frame_6_Dout_A  |   in|    8|        bram|       frame_6|         array|
|frame_7_Addr_A  |  out|   32|        bram|       frame_7|         array|
|frame_7_EN_A    |  out|    1|        bram|       frame_7|         array|
|frame_7_WEN_A   |  out|    1|        bram|       frame_7|         array|
|frame_7_Din_A   |  out|    8|        bram|       frame_7|         array|
|frame_7_Dout_A  |   in|    8|        bram|       frame_7|         array|
|start_x         |   in|   10|     ap_none|       start_x|        scalar|
|start_y         |   in|   10|     ap_none|       start_y|        scalar|
+----------------+-----+-----+------------+--------------+--------------+

