

================================================================
== Vitis HLS Report for 'flood_fill_Pipeline_VITIS_LOOP_59_1'
================================================================
* Date:           Mon May  5 05:08:34 2025

* Version:        2024.2 (Build 5238294 on Nov  8 2024)
* Project:        hls_design_output
* Solution:       solution1 (Vivado IP Flow Target)
* Product family: zynq
* Target device:  xc7z020-clg400-1


================================================================
== Performance Estimates
================================================================
+ Timing: 
    * Summary: 
    +--------+----------+----------+------------+
    |  Clock |  Target  | Estimated| Uncertainty|
    +--------+----------+----------+------------+
    |ap_clk  |  10.00 ns|  6.076 ns|     2.70 ns|
    +--------+----------+----------+------------+

+ Latency: 
    * Summary: 
    +---------+---------+-----------+-----------+------+------+------------------------------------------------+
    |  Latency (cycles) |   Latency (absolute)  |   Interval  |                    Pipeline                    |
    |   min   |   max   |    min    |    max    |  min |  max |                      Type                      |
    +---------+---------+-----------+-----------+------+------+------------------------------------------------+
    |     7502|     7502|  75.020 us|  75.020 us|  7501|  7501|  loop auto-rewind stp (delay=0 clock cycles(s))|
    +---------+---------+-----------+-----------+------+------+------------------------------------------------+

    + Detail: 
        * Instance: 
        N/A

        * Loop: 
        +-------------------+---------+---------+----------+-----------+-----------+------+----------+
        |                   |  Latency (cycles) | Iteration|  Initiation Interval  | Trip |          |
        |     Loop Name     |   min   |   max   |  Latency |  achieved |   target  | Count| Pipelined|
        +-------------------+---------+---------+----------+-----------+-----------+------+----------+
        |- VITIS_LOOP_59_1  |     7500|     7500|         1|          1|          1|  7500|       yes|
        +-------------------+---------+---------+----------+-----------+-----------+------+----------+



================================================================
== Utilization Estimates
================================================================
* Summary: 
+-----------------+---------+-----+--------+-------+-----+
|       Name      | BRAM_18K| DSP |   FF   |  LUT  | URAM|
+-----------------+---------+-----+--------+-------+-----+
|DSP              |        -|    -|       -|      -|    -|
|Expression       |        -|    -|       0|     52|    -|
|FIFO             |        -|    -|       -|      -|    -|
|Instance         |        -|    -|       -|      -|    -|
|Memory           |        -|    -|       -|      -|    -|
|Multiplexer      |        -|    -|       0|     27|    -|
|Register         |        -|    -|      21|      -|    -|
+-----------------+---------+-----+--------+-------+-----+
|Total            |        0|    0|      21|     79|    0|
+-----------------+---------+-----+--------+-------+-----+
|Available        |      280|  220|  106400|  53200|    0|
+-----------------+---------+-----+--------+-------+-----+
|Utilization (%)  |        0|    0|      ~0|     ~0|    0|
+-----------------+---------+-----+--------+-------+-----+

+ Detail: 
    * Instance: 
    N/A

    * DSP: 
    N/A

    * Memory: 
    N/A

    * FIFO: 
    N/A

    * Expression: 
    +----------------------+----------+----+---+----+------------+------------+
    |     Variable Name    | Operation| DSP| FF| LUT| Bitwidth P0| Bitwidth P1|
    +----------------------+----------+----+---+----+------------+------------+
    |add_ln59_fu_1416_p2   |         +|   0|  0|  26|          19|           7|
    |icmp_ln59_fu_1332_p2  |      icmp|   0|  0|  26|          19|          17|
    +----------------------+----------+----+---+----+------------+------------+
    |Total                 |          |   0|  0|  52|          38|          24|
    +----------------------+----------+----+---+----+------------+------------+

    * Multiplexer: 
    +----------------------+----+-----------+-----+-----------+
    |         Name         | LUT| Input Size| Bits| Total Bits|
    +----------------------+----+-----------+-----+-----------+
    |ap_done_int           |   9|          2|    1|          2|
    |ap_sig_allocacmp_i_1  |   9|          2|   19|         38|
    |i_fu_168              |   9|          2|   19|         38|
    +----------------------+----+-----------+-----+-----------+
    |Total                 |  27|          6|   39|         78|
    +----------------------+----+-----------+-----+-----------+

    * Register: 
    +-------------+----+----+-----+-----------+
    |     Name    | FF | LUT| Bits| Const Bits|
    +-------------+----+----+-----+-----------+
    |ap_CS_fsm    |   1|   0|    1|          0|
    |ap_done_reg  |   1|   0|    1|          0|
    |i_fu_168     |  19|   0|   19|          0|
    +-------------+----+----+-----+-----------+
    |Total        |  21|   0|   21|          0|
    +-------------+----+----+-----+-----------+



================================================================
== Interface
================================================================
* Summary: 
+---------------------+-----+-----+------------+-------------------------------------+--------------+
|      RTL Ports      | Dir | Bits|  Protocol  |            Source Object            |    C Type    |
+---------------------+-----+-----+------------+-------------------------------------+--------------+
|ap_clk               |   in|    1|  ap_ctrl_hs|  flood_fill_Pipeline_VITIS_LOOP_59_1|  return value|
|ap_rst               |   in|    1|  ap_ctrl_hs|  flood_fill_Pipeline_VITIS_LOOP_59_1|  return value|
|ap_start             |   in|    1|  ap_ctrl_hs|  flood_fill_Pipeline_VITIS_LOOP_59_1|  return value|
|ap_done              |  out|    1|  ap_ctrl_hs|  flood_fill_Pipeline_VITIS_LOOP_59_1|  return value|
|ap_idle              |  out|    1|  ap_ctrl_hs|  flood_fill_Pipeline_VITIS_LOOP_59_1|  return value|
|ap_ready             |  out|    1|  ap_ctrl_hs|  flood_fill_Pipeline_VITIS_LOOP_59_1|  return value|
|visited_63_address1  |  out|   13|   ap_memory|                           visited_63|         array|
|visited_63_ce1       |  out|    1|   ap_memory|                           visited_63|         array|
|visited_63_we1       |  out|    1|   ap_memory|                           visited_63|         array|
|visited_63_d1        |  out|    1|   ap_memory|                           visited_63|         array|
|visited_62_address1  |  out|   13|   ap_memory|                           visited_62|         array|
|visited_62_ce1       |  out|    1|   ap_memory|                           visited_62|         array|
|visited_62_we1       |  out|    1|   ap_memory|                           visited_62|         array|
|visited_62_d1        |  out|    1|   ap_memory|                           visited_62|         array|
|visited_61_address1  |  out|   13|   ap_memory|                           visited_61|         array|
|visited_61_ce1       |  out|    1|   ap_memory|                           visited_61|         array|
|visited_61_we1       |  out|    1|   ap_memory|                           visited_61|         array|
|visited_61_d1        |  out|    1|   ap_memory|                           visited_61|         array|
|visited_60_address1  |  out|   13|   ap_memory|                           visited_60|         array|
|visited_60_ce1       |  out|    1|   ap_memory|                           visited_60|         array|
|visited_60_we1       |  out|    1|   ap_memory|                           visited_60|         array|
|visited_60_d1        |  out|    1|   ap_memory|                           visited_60|         array|
|visited_59_address1  |  out|   13|   ap_memory|                           visited_59|         array|
|visited_59_ce1       |  out|    1|   ap_memory|                           visited_59|         array|
|visited_59_we1       |  out|    1|   ap_memory|                           visited_59|         array|
|visited_59_d1        |  out|    1|   ap_memory|                           visited_59|         array|
|visited_58_address1  |  out|   13|   ap_memory|                           visited_58|         array|
|visited_58_ce1       |  out|    1|   ap_memory|                           visited_58|         array|
|visited_58_we1       |  out|    1|   ap_memory|                           visited_58|         array|
|visited_58_d1        |  out|    1|   ap_memory|                           visited_58|         array|
|visited_57_address1  |  out|   13|   ap_memory|                           visited_57|         array|
|visited_57_ce1       |  out|    1|   ap_memory|                           visited_57|         array|
|visited_57_we1       |  out|    1|   ap_memory|                           visited_57|         array|
|visited_57_d1        |  out|    1|   ap_memory|                           visited_57|         array|
|visited_56_address1  |  out|   13|   ap_memory|                           visited_56|         array|
|visited_56_ce1       |  out|    1|   ap_memory|                           visited_56|         array|
|visited_56_we1       |  out|    1|   ap_memory|                           visited_56|         array|
|visited_56_d1        |  out|    1|   ap_memory|                           visited_56|         array|
|visited_55_address1  |  out|   13|   ap_memory|                           visited_55|         array|
|visited_55_ce1       |  out|    1|   ap_memory|                           visited_55|         array|
|visited_55_we1       |  out|    1|   ap_memory|                           visited_55|         array|
|visited_55_d1        |  out|    1|   ap_memory|                           visited_55|         array|
|visited_54_address1  |  out|   13|   ap_memory|                           visited_54|         array|
|visited_54_ce1       |  out|    1|   ap_memory|                           visited_54|         array|
|visited_54_we1       |  out|    1|   ap_memory|                           visited_54|         array|
|visited_54_d1        |  out|    1|   ap_memory|                           visited_54|         array|
|visited_53_address1  |  out|   13|   ap_memory|                           visited_53|         array|
|visited_53_ce1       |  out|    1|   ap_memory|                           visited_53|         array|
|visited_53_we1       |  out|    1|   ap_memory|                           visited_53|         array|
|visited_53_d1        |  out|    1|   ap_memory|                           visited_53|         array|
|visited_52_address1  |  out|   13|   ap_memory|                           visited_52|         array|
|visited_52_ce1       |  out|    1|   ap_memory|                           visited_52|         array|
|visited_52_we1       |  out|    1|   ap_memory|                           visited_52|         array|
|visited_52_d1        |  out|    1|   ap_memory|                           visited_52|         array|
|visited_51_address1  |  out|   13|   ap_memory|                           visited_51|         array|
|visited_51_ce1       |  out|    1|   ap_memory|                           visited_51|         array|
|visited_51_we1       |  out|    1|   ap_memory|                           visited_51|         array|
|visited_51_d1        |  out|    1|   ap_memory|                           visited_51|         array|
|visited_50_address1  |  out|   13|   ap_memory|                           visited_50|         array|
|visited_50_ce1       |  out|    1|   ap_memory|                           visited_50|         array|
|visited_50_we1       |  out|    1|   ap_memory|                           visited_50|         array|
|visited_50_d1        |  out|    1|   ap_memory|                           visited_50|         array|
|visited_49_address1  |  out|   13|   ap_memory|                           visited_49|         array|
|visited_49_ce1       |  out|    1|   ap_memory|                           visited_49|         array|
|visited_49_we1       |  out|    1|   ap_memory|                           visited_49|         array|
|visited_49_d1        |  out|    1|   ap_memory|                           visited_49|         array|
|visited_48_address1  |  out|   13|   ap_memory|                           visited_48|         array|
|visited_48_ce1       |  out|    1|   ap_memory|                           visited_48|         array|
|visited_48_we1       |  out|    1|   ap_memory|                           visited_48|         array|
|visited_48_d1        |  out|    1|   ap_memory|                           visited_48|         array|
|visited_47_address1  |  out|   13|   ap_memory|                           visited_47|         array|
|visited_47_ce1       |  out|    1|   ap_memory|                           visited_47|         array|
|visited_47_we1       |  out|    1|   ap_memory|                           visited_47|         array|
|visited_47_d1        |  out|    1|   ap_memory|                           visited_47|         array|
|visited_46_address1  |  out|   13|   ap_memory|                           visited_46|         array|
|visited_46_ce1       |  out|    1|   ap_memory|                           visited_46|         array|
|visited_46_we1       |  out|    1|   ap_memory|                           visited_46|         array|
|visited_46_d1        |  out|    1|   ap_memory|                           visited_46|         array|
|visited_45_address1  |  out|   13|   ap_memory|                           visited_45|         array|
|visited_45_ce1       |  out|    1|   ap_memory|                           visited_45|         array|
|visited_45_we1       |  out|    1|   ap_memory|                           visited_45|         array|
|visited_45_d1        |  out|    1|   ap_memory|                           visited_45|         array|
|visited_44_address1  |  out|   13|   ap_memory|                           visited_44|         array|
|visited_44_ce1       |  out|    1|   ap_memory|                           visited_44|         array|
|visited_44_we1       |  out|    1|   ap_memory|                           visited_44|         array|
|visited_44_d1        |  out|    1|   ap_memory|                           visited_44|         array|
|visited_43_address1  |  out|   13|   ap_memory|                           visited_43|         array|
|visited_43_ce1       |  out|    1|   ap_memory|                           visited_43|         array|
|visited_43_we1       |  out|    1|   ap_memory|                           visited_43|         array|
|visited_43_d1        |  out|    1|   ap_memory|                           visited_43|         array|
|visited_42_address1  |  out|   13|   ap_memory|                           visited_42|         array|
|visited_42_ce1       |  out|    1|   ap_memory|                           visited_42|         array|
|visited_42_we1       |  out|    1|   ap_memory|                           visited_42|         array|
|visited_42_d1        |  out|    1|   ap_memory|                           visited_42|         array|
|visited_41_address1  |  out|   13|   ap_memory|                           visited_41|         array|
|visited_41_ce1       |  out|    1|   ap_memory|                           visited_41|         array|
|visited_41_we1       |  out|    1|   ap_memory|                           visited_41|         array|
|visited_41_d1        |  out|    1|   ap_memory|                           visited_41|         array|
|visited_40_address1  |  out|   13|   ap_memory|                           visited_40|         array|
|visited_40_ce1       |  out|    1|   ap_memory|                           visited_40|         array|
|visited_40_we1       |  out|    1|   ap_memory|                           visited_40|         array|
|visited_40_d1        |  out|    1|   ap_memory|                           visited_40|         array|
|visited_39_address1  |  out|   13|   ap_memory|                           visited_39|         array|
|visited_39_ce1       |  out|    1|   ap_memory|                           visited_39|         array|
|visited_39_we1       |  out|    1|   ap_memory|                           visited_39|         array|
|visited_39_d1        |  out|    1|   ap_memory|                           visited_39|         array|
|visited_38_address1  |  out|   13|   ap_memory|                           visited_38|         array|
|visited_38_ce1       |  out|    1|   ap_memory|                           visited_38|         array|
|visited_38_we1       |  out|    1|   ap_memory|                           visited_38|         array|
|visited_38_d1        |  out|    1|   ap_memory|                           visited_38|         array|
|visited_37_address1  |  out|   13|   ap_memory|                           visited_37|         array|
|visited_37_ce1       |  out|    1|   ap_memory|                           visited_37|         array|
|visited_37_we1       |  out|    1|   ap_memory|                           visited_37|         array|
|visited_37_d1        |  out|    1|   ap_memory|                           visited_37|         array|
|visited_36_address1  |  out|   13|   ap_memory|                           visited_36|         array|
|visited_36_ce1       |  out|    1|   ap_memory|                           visited_36|         array|
|visited_36_we1       |  out|    1|   ap_memory|                           visited_36|         array|
|visited_36_d1        |  out|    1|   ap_memory|                           visited_36|         array|
|visited_35_address1  |  out|   13|   ap_memory|                           visited_35|         array|
|visited_35_ce1       |  out|    1|   ap_memory|                           visited_35|         array|
|visited_35_we1       |  out|    1|   ap_memory|                           visited_35|         array|
|visited_35_d1        |  out|    1|   ap_memory|                           visited_35|         array|
|visited_34_address1  |  out|   13|   ap_memory|                           visited_34|         array|
|visited_34_ce1       |  out|    1|   ap_memory|                           visited_34|         array|
|visited_34_we1       |  out|    1|   ap_memory|                           visited_34|         array|
|visited_34_d1        |  out|    1|   ap_memory|                           visited_34|         array|
|visited_33_address1  |  out|   13|   ap_memory|                           visited_33|         array|
|visited_33_ce1       |  out|    1|   ap_memory|                           visited_33|         array|
|visited_33_we1       |  out|    1|   ap_memory|                           visited_33|         array|
|visited_33_d1        |  out|    1|   ap_memory|                           visited_33|         array|
|visited_32_address1  |  out|   13|   ap_memory|                           visited_32|         array|
|visited_32_ce1       |  out|    1|   ap_memory|                           visited_32|         array|
|visited_32_we1       |  out|    1|   ap_memory|                           visited_32|         array|
|visited_32_d1        |  out|    1|   ap_memory|                           visited_32|         array|
|visited_31_address1  |  out|   13|   ap_memory|                           visited_31|         array|
|visited_31_ce1       |  out|    1|   ap_memory|                           visited_31|         array|
|visited_31_we1       |  out|    1|   ap_memory|                           visited_31|         array|
|visited_31_d1        |  out|    1|   ap_memory|                           visited_31|         array|
|visited_30_address1  |  out|   13|   ap_memory|                           visited_30|         array|
|visited_30_ce1       |  out|    1|   ap_memory|                           visited_30|         array|
|visited_30_we1       |  out|    1|   ap_memory|                           visited_30|         array|
|visited_30_d1        |  out|    1|   ap_memory|                           visited_30|         array|
|visited_29_address1  |  out|   13|   ap_memory|                           visited_29|         array|
|visited_29_ce1       |  out|    1|   ap_memory|                           visited_29|         array|
|visited_29_we1       |  out|    1|   ap_memory|                           visited_29|         array|
|visited_29_d1        |  out|    1|   ap_memory|                           visited_29|         array|
|visited_28_address1  |  out|   13|   ap_memory|                           visited_28|         array|
|visited_28_ce1       |  out|    1|   ap_memory|                           visited_28|         array|
|visited_28_we1       |  out|    1|   ap_memory|                           visited_28|         array|
|visited_28_d1        |  out|    1|   ap_memory|                           visited_28|         array|
|visited_27_address1  |  out|   13|   ap_memory|                           visited_27|         array|
|visited_27_ce1       |  out|    1|   ap_memory|                           visited_27|         array|
|visited_27_we1       |  out|    1|   ap_memory|                           visited_27|         array|
|visited_27_d1        |  out|    1|   ap_memory|                           visited_27|         array|
|visited_26_address1  |  out|   13|   ap_memory|                           visited_26|         array|
|visited_26_ce1       |  out|    1|   ap_memory|                           visited_26|         array|
|visited_26_we1       |  out|    1|   ap_memory|                           visited_26|         array|
|visited_26_d1        |  out|    1|   ap_memory|                           visited_26|         array|
|visited_25_address1  |  out|   13|   ap_memory|                           visited_25|         array|
|visited_25_ce1       |  out|    1|   ap_memory|                           visited_25|         array|
|visited_25_we1       |  out|    1|   ap_memory|                           visited_25|         array|
|visited_25_d1        |  out|    1|   ap_memory|                           visited_25|         array|
|visited_24_address1  |  out|   13|   ap_memory|                           visited_24|         array|
|visited_24_ce1       |  out|    1|   ap_memory|                           visited_24|         array|
|visited_24_we1       |  out|    1|   ap_memory|                           visited_24|         array|
|visited_24_d1        |  out|    1|   ap_memory|                           visited_24|         array|
|visited_23_address1  |  out|   13|   ap_memory|                           visited_23|         array|
|visited_23_ce1       |  out|    1|   ap_memory|                           visited_23|         array|
|visited_23_we1       |  out|    1|   ap_memory|                           visited_23|         array|
|visited_23_d1        |  out|    1|   ap_memory|                           visited_23|         array|
|visited_22_address1  |  out|   13|   ap_memory|                           visited_22|         array|
|visited_22_ce1       |  out|    1|   ap_memory|                           visited_22|         array|
|visited_22_we1       |  out|    1|   ap_memory|                           visited_22|         array|
|visited_22_d1        |  out|    1|   ap_memory|                           visited_22|         array|
|visited_21_address1  |  out|   13|   ap_memory|                           visited_21|         array|
|visited_21_ce1       |  out|    1|   ap_memory|                           visited_21|         array|
|visited_21_we1       |  out|    1|   ap_memory|                           visited_21|         array|
|visited_21_d1        |  out|    1|   ap_memory|                           visited_21|         array|
|visited_20_address1  |  out|   13|   ap_memory|                           visited_20|         array|
|visited_20_ce1       |  out|    1|   ap_memory|                           visited_20|         array|
|visited_20_we1       |  out|    1|   ap_memory|                           visited_20|         array|
|visited_20_d1        |  out|    1|   ap_memory|                           visited_20|         array|
|visited_19_address1  |  out|   13|   ap_memory|                           visited_19|         array|
|visited_19_ce1       |  out|    1|   ap_memory|                           visited_19|         array|
|visited_19_we1       |  out|    1|   ap_memory|                           visited_19|         array|
|visited_19_d1        |  out|    1|   ap_memory|                           visited_19|         array|
|visited_18_address1  |  out|   13|   ap_memory|                           visited_18|         array|
|visited_18_ce1       |  out|    1|   ap_memory|                           visited_18|         array|
|visited_18_we1       |  out|    1|   ap_memory|                           visited_18|         array|
|visited_18_d1        |  out|    1|   ap_memory|                           visited_18|         array|
|visited_17_address1  |  out|   13|   ap_memory|                           visited_17|         array|
|visited_17_ce1       |  out|    1|   ap_memory|                           visited_17|         array|
|visited_17_we1       |  out|    1|   ap_memory|                           visited_17|         array|
|visited_17_d1        |  out|    1|   ap_memory|                           visited_17|         array|
|visited_16_address1  |  out|   13|   ap_memory|                           visited_16|         array|
|visited_16_ce1       |  out|    1|   ap_memory|                           visited_16|         array|
|visited_16_we1       |  out|    1|   ap_memory|                           visited_16|         array|
|visited_16_d1        |  out|    1|   ap_memory|                           visited_16|         array|
|visited_15_address1  |  out|   13|   ap_memory|                           visited_15|         array|
|visited_15_ce1       |  out|    1|   ap_memory|                           visited_15|         array|
|visited_15_we1       |  out|    1|   ap_memory|                           visited_15|         array|
|visited_15_d1        |  out|    1|   ap_memory|                           visited_15|         array|
|visited_14_address1  |  out|   13|   ap_memory|                           visited_14|         array|
|visited_14_ce1       |  out|    1|   ap_memory|                           visited_14|         array|
|visited_14_we1       |  out|    1|   ap_memory|                           visited_14|         array|
|visited_14_d1        |  out|    1|   ap_memory|                           visited_14|         array|
|visited_13_address1  |  out|   13|   ap_memory|                           visited_13|         array|
|visited_13_ce1       |  out|    1|   ap_memory|                           visited_13|         array|
|visited_13_we1       |  out|    1|   ap_memory|                           visited_13|         array|
|visited_13_d1        |  out|    1|   ap_memory|                           visited_13|         array|
|visited_12_address1  |  out|   13|   ap_memory|                           visited_12|         array|
|visited_12_ce1       |  out|    1|   ap_memory|                           visited_12|         array|
|visited_12_we1       |  out|    1|   ap_memory|                           visited_12|         array|
|visited_12_d1        |  out|    1|   ap_memory|                           visited_12|         array|
|visited_11_address1  |  out|   13|   ap_memory|                           visited_11|         array|
|visited_11_ce1       |  out|    1|   ap_memory|                           visited_11|         array|
|visited_11_we1       |  out|    1|   ap_memory|                           visited_11|         array|
|visited_11_d1        |  out|    1|   ap_memory|                           visited_11|         array|
|visited_10_address1  |  out|   13|   ap_memory|                           visited_10|         array|
|visited_10_ce1       |  out|    1|   ap_memory|                           visited_10|         array|
|visited_10_we1       |  out|    1|   ap_memory|                           visited_10|         array|
|visited_10_d1        |  out|    1|   ap_memory|                           visited_10|         array|
|visited_9_address1   |  out|   13|   ap_memory|                            visited_9|         array|
|visited_9_ce1        |  out|    1|   ap_memory|                            visited_9|         array|
|visited_9_we1        |  out|    1|   ap_memory|                            visited_9|         array|
|visited_9_d1         |  out|    1|   ap_memory|                            visited_9|         array|
|visited_8_address1   |  out|   13|   ap_memory|                            visited_8|         array|
|visited_8_ce1        |  out|    1|   ap_memory|                            visited_8|         array|
|visited_8_we1        |  out|    1|   ap_memory|                            visited_8|         array|
|visited_8_d1         |  out|    1|   ap_memory|                            visited_8|         array|
|visited_7_address1   |  out|   13|   ap_memory|                            visited_7|         array|
|visited_7_ce1        |  out|    1|   ap_memory|                            visited_7|         array|
|visited_7_we1        |  out|    1|   ap_memory|                            visited_7|         array|
|visited_7_d1         |  out|    1|   ap_memory|                            visited_7|         array|
|visited_6_address1   |  out|   13|   ap_memory|                            visited_6|         array|
|visited_6_ce1        |  out|    1|   ap_memory|                            visited_6|         array|
|visited_6_we1        |  out|    1|   ap_memory|                            visited_6|         array|
|visited_6_d1         |  out|    1|   ap_memory|                            visited_6|         array|
|visited_5_address1   |  out|   13|   ap_memory|                            visited_5|         array|
|visited_5_ce1        |  out|    1|   ap_memory|                            visited_5|         array|
|visited_5_we1        |  out|    1|   ap_memory|                            visited_5|         array|
|visited_5_d1         |  out|    1|   ap_memory|                            visited_5|         array|
|visited_4_address1   |  out|   13|   ap_memory|                            visited_4|         array|
|visited_4_ce1        |  out|    1|   ap_memory|                            visited_4|         array|
|visited_4_we1        |  out|    1|   ap_memory|                            visited_4|         array|
|visited_4_d1         |  out|    1|   ap_memory|                            visited_4|         array|
|visited_3_address1   |  out|   13|   ap_memory|                            visited_3|         array|
|visited_3_ce1        |  out|    1|   ap_memory|                            visited_3|         array|
|visited_3_we1        |  out|    1|   ap_memory|                            visited_3|         array|
|visited_3_d1         |  out|    1|   ap_memory|                            visited_3|         array|
|visited_2_address1   |  out|   13|   ap_memory|                            visited_2|         array|
|visited_2_ce1        |  out|    1|   ap_memory|                            visited_2|         array|
|visited_2_we1        |  out|    1|   ap_memory|                            visited_2|         array|
|visited_2_d1         |  out|    1|   ap_memory|                            visited_2|         array|
|visited_1_address1   |  out|   13|   ap_memory|                            visited_1|         array|
|visited_1_ce1        |  out|    1|   ap_memory|                            visited_1|         array|
|visited_1_we1        |  out|    1|   ap_memory|                            visited_1|         array|
|visited_1_d1         |  out|    1|   ap_memory|                            visited_1|         array|
|visited_address1     |  out|   13|   ap_memory|                              visited|         array|
|visited_ce1          |  out|    1|   ap_memory|                              visited|         array|
|visited_we1          |  out|    1|   ap_memory|                              visited|         array|
|visited_d1           |  out|    1|   ap_memory|                              visited|         array|
+---------------------+-----+-----+------------+-------------------------------------+--------------+

