

================================================================
== Vitis HLS Report for 'recognize_character'
================================================================
* Date:           Mon May  5 05:08:43 2025

* Version:        2024.2 (Build 5238294 on Nov  8 2024)
* Project:        hls_design_output
* Solution:       solution1 (Vivado IP Flow Target)
* Product family: zynq
* Target device:  xc7z020-clg400-1


================================================================
== Performance Estimates
================================================================
+ Timing: 
    * Summary: 
    +--------+----------+----------+------------+
    |  Clock |  Target  | Estimated| Uncertainty|
    +--------+----------+----------+------------+
    |ap_clk  |  10.00 ns|  7.125 ns|     2.70 ns|
    +--------+----------+----------+------------+

+ Latency: 
    * Summary: 
    +---------+---------+-----------+----------+-----+-----+---------+
    |  Latency (cycles) |  Latency (absolute)  |  Interval | Pipeline|
    |   min   |   max   |    min    |    max   | min | max |   Type  |
    +---------+---------+-----------+----------+-----+-----+---------+
    |        1|       20|  10.000 ns|  0.200 us|    1|   20|       no|
    +---------+---------+-----------+----------+-----+-----+---------+

    + Detail: 
        * Instance: 
        N/A

        * Loop: 
        +------------------+---------+---------+----------+-----------+-----------+-------+----------+
        |                  |  Latency (cycles) | Iteration|  Initiation Interval  |  Trip |          |
        |     Loop Name    |   min   |   max   |  Latency |  achieved |   target  | Count | Pipelined|
        +------------------+---------+---------+----------+-----------+-----------+-------+----------+
        |- VITIS_LOOP_9_1  |        4|       17|         3|          -|          -|  1 ~ 5|        no|
        +------------------+---------+---------+----------+-----------+-----------+-------+----------+



================================================================
== Utilization Estimates
================================================================
* Summary: 
+-----------------+---------+-----+--------+-------+-----+
|       Name      | BRAM_18K| DSP |   FF   |  LUT  | URAM|
+-----------------+---------+-----+--------+-------+-----+
|DSP              |        -|    -|       -|      -|    -|
|Expression       |        -|    -|       0|    207|    -|
|FIFO             |        -|    -|       -|      -|    -|
|Instance         |        -|    -|       -|      -|    -|
|Memory           |        0|    -|      16|      7|    -|
|Multiplexer      |        -|    -|       0|     99|    -|
|Register         |        -|    -|      70|      -|    -|
+-----------------+---------+-----+--------+-------+-----+
|Total            |        0|    0|      86|    313|    0|
+-----------------+---------+-----+--------+-------+-----+
|Available        |      280|  220|  106400|  53200|    0|
+-----------------+---------+-----+--------+-------+-----+
|Utilization (%)  |        0|    0|      ~0|     ~0|    0|
+-----------------+---------+-----+--------+-------+-----+

+ Detail: 
    * Instance: 
    N/A

    * DSP: 
    N/A

    * Memory: 
    +----------------------+----------------------------------------------------+---------+---+----+-----+------+-----+------+-------------+
    |        Memory        |                       Module                       | BRAM_18K| FF| LUT| URAM| Words| Bits| Banks| W*Bits*Banks|
    +----------------------+----------------------------------------------------+---------+---+----+-----+------+-----+------+-------------+
    |char_prefix_sums_U    |recognize_character_char_prefix_sums_ROM_AUTO_1R    |        0|  9|   4|    0|    27|    9|     1|          243|
    |prefix_sum_to_char_U  |recognize_character_prefix_sum_to_char_ROM_AUTO_1R  |        0|  7|   3|    0|    27|    7|     1|          189|
    +----------------------+----------------------------------------------------+---------+---+----+-----+------+-----+------+-------------+
    |Total                 |                                                    |        0| 16|   7|    0|    54|   16|     2|          432|
    +----------------------+----------------------------------------------------+---------+---+----+-----+------+-----+------+-------------+

    * FIFO: 
    N/A

    * Expression: 
    +---------------------+----------+----+---+----+------------+------------+
    |    Variable Name    | Operation| DSP| FF| LUT| Bitwidth P0| Bitwidth P1|
    +---------------------+----------+----+---+----+------------+------------+
    |add_ln11_fu_144_p2   |         +|   0|  0|  14|           9|           9|
    |left_4_fu_179_p2     |         +|   0|  0|  15|           8|           1|
    |right_4_fu_184_p2    |         +|   0|  0|  15|           8|           2|
    |icmp_ln13_fu_169_p2  |      icmp|   0|  0|  39|          32|          32|
    |icmp_ln15_fu_174_p2  |      icmp|   0|  0|  39|          32|          32|
    |icmp_ln29_fu_114_p2  |      icmp|   0|  0|  39|          32|           1|
    |icmp_ln36_fu_215_p2  |      icmp|   0|  0|  15|           8|           5|
    |icmp_ln9_fu_203_p2   |      icmp|   0|  0|  15|           8|           8|
    |left_5_fu_189_p3     |    select|   0|  0|   8|           1|           8|
    |right_5_fu_196_p3    |    select|   0|  0|   8|           1|           8|
    +---------------------+----------+----+---+----+------------+------------+
    |Total                |          |   0|  0| 207|         139|         106|
    +---------------------+----------+----+---+----+------------+------------+

    * Multiplexer: 
    +----------------------------------------------+----+-----------+-----+-----------+
    |                     Name                     | LUT| Input Size| Bits| Total Bits|
    +----------------------------------------------+----+-----------+-----+-----------+
    |ap_NS_fsm                                     |  31|          6|    1|          6|
    |ap_phi_mux_mid_phi_fu_91_p4                   |   9|          2|    8|         16|
    |ap_phi_mux_result_write_assign_phi_fu_103_p6  |   9|          2|    7|         14|
    |ap_return                                     |   9|          2|    7|         14|
    |left_fu_48                                    |   9|          2|    8|         16|
    |mid_reg_88                                    |   9|          2|    8|         16|
    |result_write_assign_reg_98                    |  14|          3|    7|         21|
    |right_fu_52                                   |   9|          2|    8|         16|
    +----------------------------------------------+----+-----------+-----+-----------+
    |Total                                         |  99|         21|   54|        119|
    +----------------------------------------------+----+-----------+-----+-----------+

    * Register: 
    +----------------------------+---+----+-----+-----------+
    |            Name            | FF| LUT| Bits| Const Bits|
    +----------------------------+---+----+-----+-----------+
    |ap_CS_fsm                   |  5|   0|    5|          0|
    |ap_return_preg              |  7|   0|    7|          0|
    |icmp_ln13_reg_268           |  1|   0|    1|          0|
    |icmp_ln29_reg_232           |  1|   0|    1|          0|
    |icmp_ln36_reg_287           |  1|   0|    1|          0|
    |left_5_reg_272              |  8|   0|    8|          0|
    |left_fu_48                  |  8|   0|    8|          0|
    |mid_reg_88                  |  8|   0|    8|          0|
    |result_write_assign_reg_98  |  7|   0|    7|          0|
    |right_5_reg_278             |  8|   0|    8|          0|
    |right_fu_52                 |  8|   0|    8|          0|
    |trunc_ln_reg_256            |  8|   0|    8|          0|
    +----------------------------+---+----+-----+-----------+
    |Total                       | 70|   0|   70|          0|
    +----------------------------+---+----+-----+-----------+



================================================================
== Interface
================================================================
* Summary: 
+---------------------+-----+-----+------------+---------------------+--------------+
|      RTL Ports      | Dir | Bits|  Protocol  |    Source Object    |    C Type    |
+---------------------+-----+-----+------------+---------------------+--------------+
|ap_clk               |   in|    1|  ap_ctrl_hs|  recognize_character|  return value|
|ap_rst               |   in|    1|  ap_ctrl_hs|  recognize_character|  return value|
|ap_start             |   in|    1|  ap_ctrl_hs|  recognize_character|  return value|
|ap_done              |  out|    1|  ap_ctrl_hs|  recognize_character|  return value|
|ap_idle              |  out|    1|  ap_ctrl_hs|  recognize_character|  return value|
|ap_ready             |  out|    1|  ap_ctrl_hs|  recognize_character|  return value|
|ap_return            |  out|    7|  ap_ctrl_hs|  recognize_character|  return value|
|blob_prefix_sum_val  |   in|   32|     ap_none|  blob_prefix_sum_val|        scalar|
+---------------------+-----+-----+------------+---------------------+--------------+

