================================================================
== Design Size Report
================================================================

* Total Instructions per Compilation Phase
+---------------+-----------------------------+--------------+----------------------------------------------------------------------------------------+
| Phase         | Step                        | Instructions | Description                                                                            |
+---------------+-----------------------------+--------------+----------------------------------------------------------------------------------------+
| Compile/Link  |                             | 1,133        | After all functions are compiled and linked into a single design                       |
|               |                             |              |                                                                                        |
| Unroll/Inline |                             |              | After user unroll and inline pragmas are applied                                       |
|               | (1) unroll                  |   592        | user unroll pragmas are applied                                                        |
|               | (2) simplification          |   514        | simplification of applied user unroll pragmas                                          |
|               | (3) inline                  |   446        | user inline pragmas are applied                                                        |
|               | (4) simplification          |   438        | simplification of applied user inline pragmas                                          |
|               |                             |              |                                                                                        |
| Array/Struct  |                             |              | After user array partition and struct aggregate/disaggregate pragmas are applied       |
|               | (1) array partition         |   503        | user array partition pragmas are applied                                               |
|               | (2) simplification          |   493        | simplification of applied user array partition & struct aggregate/disaggregate pragmas |
|               | (3) aggregate/disaggregate  |   517        | user struct aggregate/disaggregate pragmas are applied                                 |
|               | (4) array reshape           |   541        | apply array reshape pragmas                                                            |
|               | (5) access patterns         |   557        | array access pattern optmizations                                                      |
|               |                             |              |                                                                                        |
| Performance   |                             |              | After transformations are applied to meet performance pragma targets                   |
|               | (1) loop simplification     |   508        | loop and instruction simplification                                                    |
|               | (2) parallelization         |   492        | loops are unrolled or pipelined to meet performance targets                            |
|               | (3) array partition         | 6,021        | arrays are partitioned to meet performance targets                                     |
|               | (4) simplification          | 1,331        | simplification of design after performance transformations                             |
|               |                             |              |                                                                                        |
| HW Transforms |                             |              | After hardware transfomations                                                          |
|               | (1) lowering                | 1,341        | initial conversion to HW specific instructions                                         |
|               | (2) optimizations           | 1,348        | high level synthesis optimizations                                                     |
+---------------+-----------------------------+--------------+----------------------------------------------------------------------------------------+

* Instructions per Function for each Compilation Phase
+------------------------+-----------------------+----------------+---------------+--------------+-------------+---------------+
| Function               | Location              | Compile/Link   | Unroll/Inline | Array/Struct | Performance | HW Transforms |
+------------------------+-----------------------+----------------+---------------+--------------+-------------+---------------+
| + detect_and_recognize | hls_wrapper.cpp:30    | 1,133          | 438           | 557          | 1,331       | 1,348         |
|  + detect_frame        | hls_detector.cpp:134  |  498           |               |              |             |               |
|     is_bright_pixel    | hls_detector.cpp:5    |   29           |               |              |             |               |
|   + flood_fill         | hls_detector.cpp:49   |  424           |               |              |             |               |
|      is_bright_pixel   | hls_detector.cpp:5    |   58 (2 calls) |               |              |             |               |
|      get_neighbors     | hls_detector.cpp:11   |   70           |               |              |             |               |
|  + recognize_character | hls_recognizer.cpp:25 |  623           |  48           |  53          |   35        |   40          |
|     find_exact_match   | hls_recognizer.cpp:4  |  565           |  28           |  33          |             |               |
|    flood_fill          | hls_detector.cpp:49   |                | 354           | 427          | 1,236       | 1,230         |
+------------------------+-----------------------+----------------+---------------+--------------+-------------+---------------+

* Design Size Message Settings
+---------------------------------------------+--------+------------------------------------------------------------------+
| Message Setting                             | Value  | Description                                                      |
+---------------------------------------------+--------+------------------------------------------------------------------+
| config_compile -design_size_maximum_warning | 100000 | Show a warning when total design instructions exceeds this value |
+---------------------------------------------+--------+------------------------------------------------------------------+


